../Drivers/STM32F4xx_HAL_Driver/Src/stm32f4xx_hal_flash.c:154:19:HAL_StatusTypeDef HAL_FLASH_Program(uint32_t, uint32_t, uint64_t)	32	static
../Drivers/STM32F4xx_HAL_Driver/Src/stm32f4xx_hal_flash.c:212:19:HAL_StatusTypeDef HAL_FLASH_Program_IT(uint32_t, uint32_t, uint64_t)	32	static
../Drivers/STM32F4xx_HAL_Driver/Src/stm32f4xx_hal_flash.c:256:6:void HAL_FLASH_IRQHandler()	16	static
../Drivers/STM32F4xx_HAL_Driver/Src/stm32f4xx_hal_flash.c:376:13:void HAL_FLASH_EndOfOperationCallback(uint32_t)	16	static
../Drivers/STM32F4xx_HAL_Driver/Src/stm32f4xx_hal_flash.c:393:13:void HAL_FLASH_OperationErrorCallback(uint32_t)	16	static
../Drivers/STM32F4xx_HAL_Driver/Src/stm32f4xx_hal_flash.c:425:19:HAL_StatusTypeDef HAL_FLASH_Unlock()	16	static
../Drivers/STM32F4xx_HAL_Driver/Src/stm32f4xx_hal_flash.c:449:19:HAL_StatusTypeDef HAL_FLASH_Lock()	4	static
../Drivers/STM32F4xx_HAL_Driver/Src/stm32f4xx_hal_flash.c:461:19:HAL_StatusTypeDef HAL_FLASH_OB_Unlock()	4	static
../Drivers/STM32F4xx_HAL_Driver/Src/stm32f4xx_hal_flash.c:481:19:HAL_StatusTypeDef HAL_FLASH_OB_Lock()	4	static
../Drivers/STM32F4xx_HAL_Driver/Src/stm32f4xx_hal_flash.c:493:19:HAL_StatusTypeDef HAL_FLASH_OB_Launch()	8	static
../Drivers/STM32F4xx_HAL_Driver/Src/stm32f4xx_hal_flash.c:530:10:uint32_t HAL_FLASH_GetError()	4	static
../Drivers/STM32F4xx_HAL_Driver/Src/stm32f4xx_hal_flash.c:544:19:HAL_StatusTypeDef FLASH_WaitForLastOperation(uint32_t)	24	static
../Drivers/STM32F4xx_HAL_Driver/Src/stm32f4xx_hal_flash.c:604:13:void FLASH_Program_DoubleWord(uint32_t, uint64_t)	24	static,ignoring_inline_asm
../Drivers/STM32F4xx_HAL_Driver/Src/stm32f4xx_hal_flash.c:638:13:void FLASH_Program_Word(uint32_t, uint32_t)	16	static
../Drivers/STM32F4xx_HAL_Driver/Src/stm32f4xx_hal_flash.c:663:13:void FLASH_Program_HalfWord(uint32_t, uint16_t)	16	static
../Drivers/STM32F4xx_HAL_Driver/Src/stm32f4xx_hal_flash.c:688:13:void FLASH_Program_Byte(uint32_t, uint8_t)	16	static
../Drivers/STM32F4xx_HAL_Driver/Src/stm32f4xx_hal_flash.c:705:13:void FLASH_SetErrorCode()	4	static
