../Drivers/STM32F4xx_HAL_Driver/Src/stm32f4xx_hal_rcc.c:200:26:HAL_StatusTypeDef HAL_RCC_DeInit()	4	static
../Drivers/STM32F4xx_HAL_Driver/Src/stm32f4xx_hal_rcc.c:219:26:HAL_StatusTypeDef HAL_RCC_OscConfig(RCC_OscInitTypeDef*)	32	static
../Drivers/STM32F4xx_HAL_Driver/Src/stm32f4xx_hal_rcc.c:591:19:HAL_StatusTypeDef HAL_RCC_ClockConfig(RCC_ClkInitTypeDef*, uint32_t)	24	static
../Drivers/STM32F4xx_HAL_Driver/Src/stm32f4xx_hal_rcc.c:775:6:void HAL_RCC_MCOConfig(uint32_t, uint32_t, uint32_t)	56	static
../Drivers/STM32F4xx_HAL_Driver/Src/stm32f4xx_hal_rcc.c:841:6:void HAL_RCC_EnableCSS()	4	static
../Drivers/STM32F4xx_HAL_Driver/Src/stm32f4xx_hal_rcc.c:850:6:void HAL_RCC_DisableCSS()	4	static
../Drivers/STM32F4xx_HAL_Driver/Src/stm32f4xx_hal_rcc.c:885:17:uint32_t HAL_RCC_GetSysClockFreq()	112	static
../Drivers/STM32F4xx_HAL_Driver/Src/stm32f4xx_hal_rcc.c:943:10:uint32_t HAL_RCC_GetHCLKFreq()	4	static
../Drivers/STM32F4xx_HAL_Driver/Src/stm32f4xx_hal_rcc.c:954:10:uint32_t HAL_RCC_GetPCLK1Freq()	8	static
../Drivers/STM32F4xx_HAL_Driver/Src/stm32f4xx_hal_rcc.c:966:10:uint32_t HAL_RCC_GetPCLK2Freq()	8	static
../Drivers/STM32F4xx_HAL_Driver/Src/stm32f4xx_hal_rcc.c:979:13:void HAL_RCC_GetOscConfig(RCC_OscInitTypeDef*)	16	static
../Drivers/STM32F4xx_HAL_Driver/Src/stm32f4xx_hal_rcc.c:1058:6:void HAL_RCC_GetClockConfig(RCC_ClkInitTypeDef*, uint32_t*)	16	static
../Drivers/STM32F4xx_HAL_Driver/Src/stm32f4xx_hal_rcc.c:1084:6:void HAL_RCC_NMI_IRQHandler()	8	static
../Drivers/STM32F4xx_HAL_Driver/Src/stm32f4xx_hal_rcc.c:1101:13:void HAL_RCC_CSSCallback()	4	static
