Archive member included to satisfy reference by file (symbol)

/opt/st/stm32cubeide_1.17.0/plugins/com.st.stm32cube.ide.mcu.externaltools.gnu-tools-for-stm32.12.3.rel1.linux64_1.1.0.202410170702/tools/bin/../lib/gcc/arm-none-eabi/12.3.1/../../../../arm-none-eabi/lib/thumb/v7e-m+fp/hard/libstdc++_nano.a(functional.o)
                              ./Core/Src/SX128x.o (std::__throw_bad_function_call())
/opt/st/stm32cubeide_1.17.0/plugins/com.st.stm32cube.ide.mcu.externaltools.gnu-tools-for-stm32.12.3.rel1.linux64_1.1.0.202410170702/tools/bin/../lib/gcc/arm-none-eabi/12.3.1/../../../../arm-none-eabi/lib/thumb/v7e-m+fp/hard/libstdc++_nano.a(del_op.o)
                              /opt/st/stm32cubeide_1.17.0/plugins/com.st.stm32cube.ide.mcu.externaltools.gnu-tools-for-stm32.12.3.rel1.linux64_1.1.0.202410170702/tools/bin/../lib/gcc/arm-none-eabi/12.3.1/../../../../arm-none-eabi/lib/thumb/v7e-m+fp/hard/libstdc++_nano.a(functional.o) (operator delete(void*))
/opt/st/stm32cubeide_1.17.0/plugins/com.st.stm32cube.ide.mcu.externaltools.gnu-tools-for-stm32.12.3.rel1.linux64_1.1.0.202410170702/tools/bin/../lib/gcc/arm-none-eabi/12.3.1/../../../../arm-none-eabi/lib/thumb/v7e-m+fp/hard/libstdc++_nano.a(eh_exception.o)
                              /opt/st/stm32cubeide_1.17.0/plugins/com.st.stm32cube.ide.mcu.externaltools.gnu-tools-for-stm32.12.3.rel1.linux64_1.1.0.202410170702/tools/bin/../lib/gcc/arm-none-eabi/12.3.1/../../../../arm-none-eabi/lib/thumb/v7e-m+fp/hard/libstdc++_nano.a(functional.o) (std::exception::~exception())
/opt/st/stm32cubeide_1.17.0/plugins/com.st.stm32cube.ide.mcu.externaltools.gnu-tools-for-stm32.12.3.rel1.linux64_1.1.0.202410170702/tools/bin/../lib/gcc/arm-none-eabi/12.3.1/../../../../arm-none-eabi/lib/thumb/v7e-m+fp/hard/libstdc++_nano.a(si_class_type_info.o)
                              /opt/st/stm32cubeide_1.17.0/plugins/com.st.stm32cube.ide.mcu.externaltools.gnu-tools-for-stm32.12.3.rel1.linux64_1.1.0.202410170702/tools/bin/../lib/gcc/arm-none-eabi/12.3.1/../../../../arm-none-eabi/lib/thumb/v7e-m+fp/hard/libstdc++_nano.a(functional.o) (vtable for __cxxabiv1::__si_class_type_info)
/opt/st/stm32cubeide_1.17.0/plugins/com.st.stm32cube.ide.mcu.externaltools.gnu-tools-for-stm32.12.3.rel1.linux64_1.1.0.202410170702/tools/bin/../lib/gcc/arm-none-eabi/12.3.1/../../../../arm-none-eabi/lib/thumb/v7e-m+fp/hard/libstdc++_nano.a(tinfo.o)
                              /opt/st/stm32cubeide_1.17.0/plugins/com.st.stm32cube.ide.mcu.externaltools.gnu-tools-for-stm32.12.3.rel1.linux64_1.1.0.202410170702/tools/bin/../lib/gcc/arm-none-eabi/12.3.1/../../../../arm-none-eabi/lib/thumb/v7e-m+fp/hard/libstdc++_nano.a(si_class_type_info.o) (std::type_info::__is_pointer_p() const)
/opt/st/stm32cubeide_1.17.0/plugins/com.st.stm32cube.ide.mcu.externaltools.gnu-tools-for-stm32.12.3.rel1.linux64_1.1.0.202410170702/tools/bin/../lib/gcc/arm-none-eabi/12.3.1/../../../../arm-none-eabi/lib/thumb/v7e-m+fp/hard/libstdc++_nano.a(class_type_info.o)
                              /opt/st/stm32cubeide_1.17.0/plugins/com.st.stm32cube.ide.mcu.externaltools.gnu-tools-for-stm32.12.3.rel1.linux64_1.1.0.202410170702/tools/bin/../lib/gcc/arm-none-eabi/12.3.1/../../../../arm-none-eabi/lib/thumb/v7e-m+fp/hard/libstdc++_nano.a(si_class_type_info.o) (__cxxabiv1::__class_type_info::__do_upcast(__cxxabiv1::__class_type_info const*, void**) const)
/opt/st/stm32cubeide_1.17.0/plugins/com.st.stm32cube.ide.mcu.externaltools.gnu-tools-for-stm32.12.3.rel1.linux64_1.1.0.202410170702/tools/bin/../lib/gcc/arm-none-eabi/12.3.1/../../../../arm-none-eabi/lib/thumb/v7e-m+fp/hard/libstdc++_nano.a(del_ops.o)
                              /opt/st/stm32cubeide_1.17.0/plugins/com.st.stm32cube.ide.mcu.externaltools.gnu-tools-for-stm32.12.3.rel1.linux64_1.1.0.202410170702/tools/bin/../lib/gcc/arm-none-eabi/12.3.1/../../../../arm-none-eabi/lib/thumb/v7e-m+fp/hard/libstdc++_nano.a(eh_exception.o) (operator delete(void*, unsigned int))
/opt/st/stm32cubeide_1.17.0/plugins/com.st.stm32cube.ide.mcu.externaltools.gnu-tools-for-stm32.12.3.rel1.linux64_1.1.0.202410170702/tools/bin/../lib/gcc/arm-none-eabi/12.3.1/../../../../arm-none-eabi/lib/thumb/v7e-m+fp/hard/libc_nano.a(libc_a-abort.o)
                              /opt/st/stm32cubeide_1.17.0/plugins/com.st.stm32cube.ide.mcu.externaltools.gnu-tools-for-stm32.12.3.rel1.linux64_1.1.0.202410170702/tools/bin/../lib/gcc/arm-none-eabi/12.3.1/../../../../arm-none-eabi/lib/thumb/v7e-m+fp/hard/libstdc++_nano.a(functional.o) (abort)
/opt/st/stm32cubeide_1.17.0/plugins/com.st.stm32cube.ide.mcu.externaltools.gnu-tools-for-stm32.12.3.rel1.linux64_1.1.0.202410170702/tools/bin/../lib/gcc/arm-none-eabi/12.3.1/../../../../arm-none-eabi/lib/thumb/v7e-m+fp/hard/libc_nano.a(libc_a-exit.o)
[...]
Memory Configuration

Name             Origin             Length             Attributes
RAM              0x20000000         0x00020000         xrw
FLASH            0x08000000         0x00080000         xr
*default*        0x00000000         0xffffffff

Linker script and memory map

LOAD /opt/st/stm32cubeide_1.17.0/plugins/com.st.stm32cube.ide.mcu.externaltools.gnu-tools-for-stm32.12.3.rel1.linux64_1.1.0.202410170702/tools/bin/../lib/gcc/arm-none-eabi/12.3.1/thumb/v7e-m+fp/hard/crti.o
LOAD /opt/st/stm32cubeide_1.17.0/plugins/com.st.stm32cube.ide.mcu.externaltools.gnu-tools-for-stm32.12.3.rel1.linux64_1.1.0.202410170702/tools/bin/../lib/gcc/arm-none-eabi/12.3.1/thumb/v7e-m+fp/hard/crtbegin.o
LOAD /opt/st/stm32cubeide_1.17.0/plugins/com.st.stm32cube.ide.mcu.externaltools.gnu-tools-for-stm32.12.3.rel1.linux64_1.1.0.202410170702/tools/bin/../lib/gcc/arm-none-eabi/12.3.1/../../../../arm-none-eabi/lib/thumb/v7e-m+fp/hard/crt0.o
LOAD ./Core/Src/SX128x.o
LOAD ./Core/Src/main.o
LOAD ./Core/Src/stm32f4xx_hal_msp.o
LOAD ./Core/Src/stm32f4xx_it.o
LOAD ./Core/Src/syscalls.o
LOAD ./Core/Src/sysmem.o
LOAD ./Core/Src/system_stm32f4xx.o
LOAD ./Core/Startup/startup_stm32f446retx.o
LOAD ./Drivers/STM32F4xx_HAL_Driver/Src/stm32f4xx_hal.o
LOAD ./Drivers/STM32F4xx_HAL_Driver/Src/stm32f4xx_hal_cortex.o
LOAD ./Drivers/STM32F4xx_HAL_Driver/Src/stm32f4xx_hal_dma.o
LOAD ./Drivers/STM32F4xx_HAL_Driver/Src/stm32f4xx_hal_dma_ex.o
LOAD ./Drivers/STM32F4xx_HAL_Driver/Src/stm32f4xx_hal_exti.o
LOAD ./Drivers/STM32F4xx_HAL_Driver/Src/stm32f4xx_hal_flash.o
LOAD ./Drivers/STM32F4xx_HAL_Driver/Src/stm32f4xx_hal_flash_ex.o
LOAD ./Drivers/STM32F4xx_HAL_Driver/Src/stm32f4xx_hal_flash_ramfunc.o
LOAD ./Drivers/STM32F4xx_HAL_Driver/Src/stm32f4xx_hal_gpio.o
LOAD ./Drivers/STM32F4xx_HAL_Driver/Src/stm32f4xx_hal_pwr.o
LOAD ./Drivers/STM32F4xx_HAL_Driver/Src/stm32f4xx_hal_pwr_ex.o
LOAD ./Drivers/STM32F4xx_HAL_Driver/Src/stm32f4xx_hal_rcc.o
LOAD ./Drivers/STM32F4xx_HAL_Driver/Src/stm32f4xx_hal_rcc_ex.o
LOAD ./Drivers/STM32F4xx_HAL_Driver/Src/stm32f4xx_hal_spi.o
LOAD ./Drivers/STM32F4xx_HAL_Driver/Src/stm32f4xx_hal_tim.o
LOAD ./Drivers/STM32F4xx_HAL_Driver/Src/stm32f4xx_hal_tim_ex.o
LOAD ./Drivers/STM32F4xx_HAL_Driver/Src/stm32f4xx_hal_uart.o
START GROUP
LOAD /opt/st/stm32cubeide_1.17.0/plugins/com.st.stm32cube.ide.mcu.externaltools.gnu-tools-for-stm32.12.3.rel1.linux64_1.1.0.202410170702/tools/bin/../lib/gcc/arm-none-eabi/12.3.1/../../../../arm-none-eabi/lib/thumb/v7e-m+fp/hard/libstdc++_nano.a
LOAD /opt/st/stm32cubeide_1.17.0/plugins/com.st.stm32cube.ide.mcu.externaltools.gnu-tools-for-stm32.12.3.rel1.linux64_1.1.0.202410170702/tools/bin/../lib/gcc/arm-none-eabi/12.3.1/../../../../arm-none-eabi/lib/thumb/v7e-m+fp/hard/libsupc++_nano.a
END GROUP
LOAD /opt/st/stm32cubeide_1.17.0/plugins/com.st.stm32cube.ide.mcu.externaltools.gnu-tools-for-stm32.12.3.rel1.linux64_1.1.0.202410170702/tools/bin/../lib/gcc/arm-none-eabi/12.3.1/../../../../arm-none-eabi/lib/thumb/v7e-m+fp/hard/libstdc++_nano.a
LOAD /opt/st/stm32cubeide_1.17.0/plugins/com.st.stm32cube.ide.mcu.externaltools.gnu-tools-for-stm32.12.3.rel1.linux64_1.1.0.202410170702/tools/bin/../lib/gcc/arm-none-eabi/12.3.1/../../../../arm-none-eabi/lib/thumb/v7e-m+fp/hard/libm.a
LOAD /opt/st/stm32cubeide_1.17.0/plugins/com.st.stm32cube.ide.mcu.externaltools.gnu-tools-for-stm32.12.3.rel1.linux64_1.1.0.202410170702/tools/bin/../lib/gcc/arm-none-eabi/12.3.1/../../../../arm-none-eabi/lib/thumb/v7e-m+fp/hard/libc_nano.a
START GROUP
LOAD /opt/st/stm32cubeide_1.17.0/plugins/com.st.stm32cube.ide.mcu.externaltools.gnu-tools-for-stm32.12.3.rel1.linux64_1.1.0.202410170702/tools/bin/../lib/gcc/arm-none-eabi/12.3.1/thumb/v7e-m+fp/hard/libgcc.a
LOAD /opt/st/stm32cubeide_1.17.0/plugins/com.st.stm32cube.ide.mcu.externaltools.gnu-tools-for-stm32.12.3.rel1.linux64_1.1.0.202410170702/tools/bin/../lib/gcc/arm-none-eabi/12.3.1/../../../../arm-none-eabi/lib/thumb/v7e-m+fp/hard/libc_nano.a
END GROUP
START GROUP
LOAD /opt/st/stm32cubeide_1.17.0/plugins/com.st.stm32cube.ide.mcu.externaltools.gnu-tools-for-stm32.12.3.rel1.linux64_1.1.0.202410170702/tools/bin/../lib/gcc/arm-none-eabi/12.3.1/thumb/v7e-m+fp/hard/libgcc.a
LOAD /opt/st/stm32cubeide_1.17.0/plugins/com.st.stm32cube.ide.mcu.externaltools.gnu-tools-for-stm32.12.3.rel1.linux64_1.1.0.202410170702/tools/bin/../lib/gcc/arm-none-eabi/12.3.1/../../../../arm-none-eabi/lib/thumb/v7e-m+fp/hard/libc_nano.a
LOAD /opt/st/stm32cubeide_1.17.0/plugins/com.st.stm32cube.ide.mcu.externaltools.gnu-tools-for-stm32.12.3.rel1.linux64_1.1.0.202410170702/tools/bin/../lib/gcc/arm-none-eabi/12.3.1/../../../../arm-none-eabi/lib/thumb/v7e-m+fp/hard/libnosys.a
END GROUP
START GROUP
LOAD /opt/st/stm32cubeide_1.17.0/plugins/com.st.stm32cube.ide.mcu.externaltools.gnu-tools-for-stm32.12.3.rel1.linux64_1.1.0.202410170702/tools/bin/../lib/gcc/arm-none-eabi/12.3.1/thumb/v7e-m+fp/hard/libgcc.a
LOAD /opt/st/stm32cubeide_1.17.0/plugins/com.st.stm32cube.ide.mcu.externaltools.gnu-tools-for-stm32.12.3.rel1.linux64_1.1.0.202410170702/tools/bin/../lib/gcc/arm-none-eabi/12.3.1/../../../../arm-none-eabi/lib/thumb/v7e-m+fp/hard/libc_nano.a
LOAD /opt/st/stm32cubeide_1.17.0/plugins/com.st.stm32cube.ide.mcu.externaltools.gnu-tools-for-stm32.12.3.rel1.linux64_1.1.0.202410170702/tools/bin/../lib/gcc/arm-none-eabi/12.3.1/../../../../arm-none-eabi/lib/thumb/v7e-m+fp/hard/libnosys.a
END GROUP
LOAD /opt/st/stm32cubeide_1.17.0/plugins/com.st.stm32cube.ide.mcu.externaltools.gnu-tools-for-stm32.12.3.rel1.linux64_1.1.0.202410170702/tools/bin/../lib/gcc/arm-none-eabi/12.3.1/thumb/v7e-m+fp/hard/crtend.o
LOAD /opt/st/stm32cubeide_1.17.0/plugins/com.st.stm32cube.ide.mcu.externaltools.gnu-tools-for-stm32.12.3.rel1.linux64_1.1.0.202410170702/tools/bin/../lib/gcc/arm-none-eabi/12.3.1/thumb/v7e-m+fp/hard/crtn.o
                0x20020000                        _estack = (ORIGIN (RAM) + LENGTH (RAM))
                0x00000200                        _Min_Heap_Size = 0x200
                0x00000400                        _Min_Stack_Size = 0x400

.isr_vector     0x08000000      0x1c4
                0x08000000                        . = ALIGN (0x4)
 *(.isr_vector)
 .isr_vector    0x08000000      0x1c4 ./Core/Startup/startup_stm32f446retx.o
                0x08000000                g_pfnVectors
                0x080001c4                        . = ALIGN (0x4)

.text           0x080001d0     0x8dbc
                0x080001d0                        . = ALIGN (0x4)
 *(.text)
 .text          0x080001d0       0x40 /opt/st/stm32cubeide_1.17.0/plugins/com.st.stm32cube.ide.mcu.externaltools.gnu-tools-for-stm32.12.3.rel1.linux64_1.1.0.202410170702/tools/bin/../lib/gcc/arm-none-eabi/12.3.1/thumb/v7e-m+fp/hard/crtbegin.o
 .text          0x08000210       0xa0 /opt/st/stm32cubeide_1.17.0/plugins/com.st.stm32cube.ide.mcu.externaltools.gnu-tools-for-stm32.12.3.rel1.linux64_1.1.0.202410170702/tools/bin/../lib/gcc/arm-none-eabi/12.3.1/../../../../arm-none-eabi/lib/thumb/v7e-m+fp/hard/libc_nano.a(libc_a-memchr.o)
                0x08000210                memchr
 .text          0x080002b0       0x10 /opt/st/stm32cubeide_1.17.0/plugins/com.st.stm32cube.ide.mcu.externaltools.gnu-tools-for-stm32.12.3.rel1.linux64_1.1.0.202410170702/tools/bin/../lib/gcc/arm-none-eabi/12.3.1/../../../../arm-none-eabi/lib/thumb/v7e-m+fp/hard/libc_nano.a(libc_a-strlen.o)
                0x080002b0                strlen
 .text          0x080002c0      0x378 /opt/st/stm32cubeide_1.17.0/plugins/com.st.stm32cube.ide.mcu.externaltools.gnu-tools-for-stm32.12.3.rel1.linux64_1.1.0.202410170702/tools/bin/../lib/gcc/arm-none-eabi/12.3.1/thumb/v7e-m+fp/hard/libgcc.a(_arm_addsubdf3.o)
                0x080002c0                __aeabi_drsub
                0x080002c8                __aeabi_dsub
                0x080002c8                __subdf3
                0x080002cc                __adddf3
                0x080002cc                __aeabi_dadd
                0x08000544                __aeabi_ui2d
                0x08000544                __floatunsidf
                0x08000564                __floatsidf
                0x08000564                __aeabi_i2d
                0x08000588                __extendsfdf2
                0x08000588                __aeabi_f2d
                0x080005cc                __aeabi_ul2d
                0x080005cc                __floatundidf
                0x080005dc                __floatdidf
                0x080005dc                __aeabi_l2d
 .text          0x08000638      0x424 /opt/st/stm32cubeide_1.17.0/plugins/com.st.stm32cube.ide.mcu.externaltools.gnu-tools-for-stm32.12.3.rel1.linux64_1.1.0.202410170702/tools/bin/../lib/gcc/arm-none-eabi/12.3.1/thumb/v7e-m+fp/hard/libgcc.a(_arm_muldivdf3.o)
                0x08000638                __aeabi_dmul
                0x08000638                __muldf3
                0x0800088c                __aeabi_ddiv
                0x0800088c                __divdf3
 .text          0x08000a5c      0x110 /opt/st/stm32cubeide_1.17.0/plugins/com.st.stm32cube.ide.mcu.externaltools.gnu-tools-for-stm32.12.3.rel1.linux64_1.1.0.202410170702/tools/bin/../lib/gcc/arm-none-eabi/12.3.1/thumb/v7e-m+fp/hard/libgcc.a(_arm_cmpdf2.o)
                0x08000a5c                __gtdf2
                0x08000a5c                __gedf2
                0x08000a64                __ltdf2
                0x08000a64                __ledf2
                0x08000a6c                __cmpdf2
                0x08000a6c                __eqdf2
                0x08000a6c                __nedf2
                0x08000ae8                __aeabi_cdrcmple
                0x08000af8                __aeabi_cdcmple
                0x08000af8                __aeabi_cdcmpeq
                0x08000b08                __aeabi_dcmpeq
                0x08000b1c                __aeabi_dcmplt
                0x08000b30                __aeabi_dcmple
                0x08000b44                __aeabi_dcmpge
                0x08000b58                __aeabi_dcmpgt
 .text          0x08000b6c       0x2c /opt/st/stm32cubeide_1.17.0/plugins/com.st.stm32cube.ide.mcu.externaltools.gnu-tools-for-stm32.12.3.rel1.linux64_1.1.0.202410170702/tools/bin/../lib/gcc/arm-none-eabi/12.3.1/thumb/v7e-m+fp/hard/libgcc.a(_arm_unorddf2.o)
                0x08000b6c                __aeabi_dcmpun
                0x08000b6c                __unorddf2
 .text          0x08000b98       0x50 /opt/st/stm32cubeide_1.17.0/plugins/com.st.stm32cube.ide.mcu.externaltools.gnu-tools-for-stm32.12.3.rel1.linux64_1.1.0.202410170702/tools/bin/../lib/gcc/arm-none-eabi/12.3.1/thumb/v7e-m+fp/hard/libgcc.a(_arm_fixdfsi.o)
                0x08000b98                __fixdfsi
                0x08000b98                __aeabi_d2iz
 .text          0x08000be8       0x30 /opt/st/stm32cubeide_1.17.0/plugins/com.st.stm32cube.ide.mcu.externaltools.gnu-tools-for-stm32.12.3.rel1.linux64_1.1.0.202410170702/tools/bin/../lib/gcc/arm-none-eabi/12.3.1/thumb/v7e-m+fp/hard/libgcc.a(_aeabi_uldivmod.o)
                0x08000be8                __aeabi_uldivmod
 .text          0x08000c18      0x2bc /opt/st/stm32cubeide_1.17.0/plugins/com.st.stm32cube.ide.mcu.externaltools.gnu-tools-for-stm32.12.3.rel1.linux64_1.1.0.202410170702/tools/bin/../lib/gcc/arm-none-eabi/12.3.1/thumb/v7e-m+fp/hard/libgcc.a(_udivmoddi4.o)
                0x08000c18                __udivmoddi4
 .text          0x08000ed4      0x9f4 /opt/st/stm32cubeide_1.17.0/plugins/com.st.stm32cube.ide.mcu.externaltools.gnu-tools-for-stm32.12.3.rel1.linux64_1.1.0.202410170702/tools/bin/../lib/gcc/arm-none-eabi/12.3.1/thumb/v7e-m+fp/hard/libgcc.a(unwind-arm.o)
                0x08001184                _Unwind_GetCFA
                0x08001188                __gnu_Unwind_RaiseException
                0x080011f0                __gnu_Unwind_ForcedUnwind
                0x08001200                __gnu_Unwind_Resume
                0x08001244                __gnu_Unwind_Resume_or_Rethrow
                0x08001254                _Unwind_Complete
                0x08001258                _Unwind_DeleteException
                0x08001264                _Unwind_VRS_Get
                0x080012b0                _Unwind_VRS_Set
                0x080012f8                __gnu_Unwind_Backtrace
                0x08001614                __aeabi_unwind_cpp_pr0
                0x08001618                __aeabi_unwind_cpp_pr1
                0x0800161c                __aeabi_unwind_cpp_pr2
                0x08001620                _Unwind_VRS_Pop
 .text          0x080018c8      0x1ac /opt/st/stm32cubeide_1.17.0/plugins/com.st.stm32cube.ide.mcu.externaltools.gnu-tools-for-stm32.12.3.rel1.linux64_1.1.0.202410170702/tools/bin/../lib/gcc/arm-none-eabi/12.3.1/thumb/v7e-m+fp/hard/libgcc.a(libunwind.o)
                0x080018c8                __restore_core_regs
                0x080018c8                restore_core_regs
                0x080018e0                __gnu_Unwind_Restore_VFP
                0x080018e8                __gnu_Unwind_Save_VFP
                0x080018f0                __gnu_Unwind_Restore_VFP_D
                0x080018f8                __gnu_Unwind_Save_VFP_D
                0x08001900                __gnu_Unwind_Restore_VFP_D_16_to_31
                0x08001908                __gnu_Unwind_Save_VFP_D_16_to_31
                0x08001910                __gnu_Unwind_Restore_WMMXD
                0x08001954                __gnu_Unwind_Save_WMMXD
                0x08001998                __gnu_Unwind_Restore_WMMXC
                0x080019ac                __gnu_Unwind_Save_WMMXC
                0x080019c0                ___Unwind_RaiseException
                0x080019c0                _Unwind_RaiseException
                0x080019e4                ___Unwind_Resume
                0x080019e4                _Unwind_Resume
                0x08001a08                _Unwind_Resume_or_Rethrow
                0x08001a08                ___Unwind_Resume_or_Rethrow
                0x08001a2c                ___Unwind_ForcedUnwind
                0x08001a2c                _Unwind_ForcedUnwind
                0x08001a50                _Unwind_Backtrace
                0x08001a50                ___Unwind_Backtrace
 .text          0x08001a74      0x378 /opt/st/stm32cubeide_1.17.0/plugins/com.st.stm32cube.ide.mcu.externaltools.gnu-tools-for-stm32.12.3.rel1.linux64_1.1.0.202410170702/tools/bin/../lib/gcc/arm-none-eabi/12.3.1/thumb/v7e-m+fp/hard/libgcc.a(pr-support.o)
                0x08001acc                __gnu_unwind_execute
                0x08001da0                __gnu_unwind_frame
                0x08001dcc                _Unwind_GetRegionStart
                0x08001dd8                _Unwind_GetLanguageSpecificData
 .text          0x08001dec        0x4 /opt/st/stm32cubeide_1.17.0/plugins/com.st.stm32cube.ide.mcu.externaltools.gnu-tools-for-stm32.12.3.rel1.linux64_1.1.0.202410170702/tools/bin/../lib/gcc/arm-none-eabi/12.3.1/thumb/v7e-m+fp/hard/libgcc.a(_dvmd_tls.o)
                0x08001dec                __aeabi_ldiv0
                0x08001dec                __aeabi_idiv0
 *(.text*)
 .text._Z9ResetChipP12GPIO_TypeDeft
                0x08001df0       0x4a ./Core/Src/main.o
                0x08001df0                ResetChip(GPIO_TypeDef*, unsigned short)
 .text._Z10SelectChipP12GPIO_TypeDeft13GPIO_PinState
                0x08001e3a       0x2a ./Core/Src/main.o
                0x08001e3a                SelectChip(GPIO_TypeDef*, unsigned short, GPIO_PinState)
 .text._Z28SPI_TransmitReceiveWithDebugP19__SPI_HandleTypeDefPhS1_tPKc
                0x08001e64       0x48 ./Core/Src/main.o
                0x08001e64                SPI_TransmitReceiveWithDebug(__SPI_HandleTypeDef*, unsigned char*, unsigned char*, unsigned short, char const*)
 .text._Z17ProcessStatusBytePh
                0x08001eac      0x190 ./Core/Src/main.o
                0x08001eac                ProcessStatusByte(unsigned char*)
 .text._Z18SPI_WaitUntilReadyP19__SPI_HandleTypeDef
                0x0800203c       0xa8 ./Core/Src/main.o
                0x0800203c                SPI_WaitUntilReady(__SPI_HandleTypeDef*)
 .text._Z16SPI_WaitTransmitP19__SPI_HandleTypeDef
                0x080020e4       0xc0 ./Core/Src/main.o
                0x080020e4                SPI_WaitTransmit(__SPI_HandleTypeDef*)
 .text._Z9GetStatusv
                0x080021a4       0x34 ./Core/Src/main.o
                0x080021a4                GetStatus()
 .text._Z10SetStandbyv
                0x080021d8       0x28 ./Core/Src/main.o
                0x080021d8                SetStandby()
 .text._Z11setLoRaModev
                0x08002200       0x44 ./Core/Src/main.o
                0x08002200                setLoRaMode()
 .text._Z13getPacketTypeP19__SPI_HandleTypeDef
                0x08002244      0x114 ./Core/Src/main.o
                0x08002244                getPacketType(__SPI_HandleTypeDef*)
 .text._Z12setFrequencyv
                0x08002358       0x38 ./Core/Src/main.o
                0x08002358                setFrequency()
 .text._Z20setBufferBaseAddressv
                0x08002390       0x50 ./Core/Src/main.o
                0x08002390                setBufferBaseAddress()
 .text._Z19setModulationParamsv
                0x080023e0       0x38 ./Core/Src/main.o
                0x080023e0                setModulationParams()
 .text._Z15setPacketParamsv
                0x08002418       0x48 ./Core/Src/main.o
                0x08002418                setPacketParams()
 .text._Z15setDioIrqParamsv
                0x08002460       0x4c ./Core/Src/main.o
                0x08002460                setDioIrqParams()
 .text._Z11setRxPeriodv
                0x080024ac       0x38 ./Core/Src/main.o
                0x080024ac                setRxPeriod()
 .text._Z7DerTaktv
                0x080024e4       0x48 ./Core/Src/main.o
                0x080024e4                DerTakt()
 .text._Z15GetPacketStatusP19__SPI_HandleTypeDefP20__UART_HandleTypeDef
                0x0800252c       0x90 ./Core/Src/main.o
                0x0800252c                GetPacketStatus(__SPI_HandleTypeDef*, __UART_HandleTypeDef*)
 .text._Z17GetRxBufferStatusP19__SPI_HandleTypeDefP20__UART_HandleTypeDefPhS3_
                0x080025bc       0x80 ./Core/Src/main.o
                0x080025bc                GetRxBufferStatus(__SPI_HandleTypeDef*, __UART_HandleTypeDef*, unsigned char*, unsigned char*)
 .text._Z16ReadReceivedDataP19__SPI_HandleTypeDefP20__UART_HandleTypeDefhh
                0x0800263c      0x1a8 ./Core/Src/main.o
                0x0800263c                ReadReceivedData(__SPI_HandleTypeDef*, __UART_HandleTypeDef*, unsigned char, unsigned char)
 .text._Z14RX_BitRateTestP19__SPI_HandleTypeDefP20__UART_HandleTypeDef
                0x080027e4      0x1b4 ./Core/Src/main.o
                0x080027e4                RX_BitRateTest(__SPI_HandleTypeDef*, __UART_HandleTypeDef*)
 .text.main     0x08002998      0x114 ./Core/Src/main.o
                0x08002998                main
 .text._Z18SystemClock_Configv
                0x08002aac       0xf0 ./Core/Src/main.o
                0x08002aac                SystemClock_Config()
 .text._ZL12MX_SPI1_Initv
                0x08002b9c       0x78 ./Core/Src/main.o
 .text._ZL12MX_TIM1_Initv
                0x08002c14       0xc0 ./Core/Src/main.o
 .text._ZL19MX_USART2_UART_Initv
                0x08002cd4       0x5c ./Core/Src/main.o
 .text._ZL12MX_GPIO_Initv
                0x08002d30      0x158 ./Core/Src/main.o
 .text.Error_Handler
                0x08002e88        0xc ./Core/Src/main.o
                0x08002e88                Error_Handler
 .text.HAL_MspInit
                0x08002e94       0x50 ./Core/Src/stm32f4xx_hal_msp.o
                0x08002e94                HAL_MspInit
 .text.HAL_SPI_MspInit
                0x08002ee4       0x90 ./Core/Src/stm32f4xx_hal_msp.o
                0x08002ee4                HAL_SPI_MspInit
 .text.HAL_TIM_Base_MspInit
                0x08002f74       0x44 ./Core/Src/stm32f4xx_hal_msp.o
                0x08002f74                HAL_TIM_Base_MspInit
 .text.HAL_UART_MspInit
                0x08002fb8       0x90 ./Core/Src/stm32f4xx_hal_msp.o
                0x08002fb8                HAL_UART_MspInit
 .text.NMI_Handler
                0x08003048        0x8 ./Core/Src/stm32f4xx_it.o
                0x08003048                NMI_Handler
 .text.HardFault_Handler
                0x08003050        0x8 ./Core/Src/stm32f4xx_it.o
                0x08003050                HardFault_Handler
 .text.MemManage_Handler
                0x08003058        0x8 ./Core/Src/stm32f4xx_it.o
                0x08003058                MemManage_Handler
 .text.BusFault_Handler
                0x08003060        0x8 ./Core/Src/stm32f4xx_it.o
                0x08003060                BusFault_Handler
 .text.UsageFault_Handler
                0x08003068        0x8 ./Core/Src/stm32f4xx_it.o
                0x08003068                UsageFault_Handler
 .text.SVC_Handler
                0x08003070        0xe ./Core/Src/stm32f4xx_it.o
                0x08003070                SVC_Handler
 .text.DebugMon_Handler
                0x0800307e        0xe ./Core/Src/stm32f4xx_it.o
                0x0800307e                DebugMon_Handler
 .text.PendSV_Handler
                0x0800308c        0xe ./Core/Src/stm32f4xx_it.o
                0x0800308c                PendSV_Handler
 .text.SysTick_Handler
                0x0800309a        0xc ./Core/Src/stm32f4xx_it.o
                0x0800309a                SysTick_Handler
 *fill*         0x080030a6        0x2 
 .text.SystemInit
                0x080030a8       0x24 ./Core/Src/system_stm32f4xx.o
                0x080030a8                SystemInit
 .text.Reset_Handler
                0x080030cc       0x50 ./Core/Startup/startup_stm32f446retx.o
                0x080030cc                Reset_Handler
 .text.Default_Handler
                0x0800311c        0x2 ./Core/Startup/startup_stm32f446retx.o
                0x0800311c                RTC_Alarm_IRQHandler
                0x0800311c                EXTI2_IRQHandler
                0x0800311c                TIM8_CC_IRQHandler
                0x0800311c                FMPI2C1_EV_IRQHandler
                0x0800311c                SPI4_IRQHandler
                0x0800311c                TIM1_CC_IRQHandler
                0x0800311c                DMA2_Stream5_IRQHandler
                0x0800311c                DMA1_Stream5_IRQHandler
                0x0800311c                PVD_IRQHandler
                0x0800311c                SDIO_IRQHandler
                0x0800311c                TAMP_STAMP_IRQHandler
                0x0800311c                CAN2_RX1_IRQHandler
                0x0800311c                EXTI3_IRQHandler
                0x0800311c                TIM8_TRG_COM_TIM14_IRQHandler
                0x0800311c                TIM1_UP_TIM10_IRQHandler
                0x0800311c                TIM8_UP_TIM13_IRQHandler
                0x0800311c                I2C3_ER_IRQHandler
                0x0800311c                EXTI0_IRQHandler
                0x0800311c                I2C2_EV_IRQHandler
                0x0800311c                DMA1_Stream2_IRQHandler
                0x0800311c                CAN1_RX0_IRQHandler
                0x0800311c                FPU_IRQHandler
                0x0800311c                OTG_HS_WKUP_IRQHandler
                0x0800311c                CAN2_SCE_IRQHandler
                0x0800311c                DMA2_Stream2_IRQHandler
                0x0800311c                SPI1_IRQHandler
                0x0800311c                TIM6_DAC_IRQHandler
                0x0800311c                TIM1_BRK_TIM9_IRQHandler
                0x0800311c                DCMI_IRQHandler
                0x0800311c                CAN2_RX0_IRQHandler
                0x0800311c                DMA2_Stream3_IRQHandler
                0x0800311c                SAI2_IRQHandler
                0x0800311c                USART6_IRQHandler
                0x0800311c                USART3_IRQHandler
                0x0800311c                CAN1_RX1_IRQHandler
                0x0800311c                UART5_IRQHandler
                0x0800311c                DMA2_Stream0_IRQHandler
                0x0800311c                TIM4_IRQHandler
                0x0800311c                QUADSPI_IRQHandler
                0x0800311c                I2C1_EV_IRQHandler
                0x0800311c                DMA1_Stream6_IRQHandler
                0x0800311c                DMA1_Stream1_IRQHandler
                0x0800311c                UART4_IRQHandler
                0x0800311c                TIM3_IRQHandler
                0x0800311c                RCC_IRQHandler
                0x0800311c                TIM8_BRK_TIM12_IRQHandler
                0x0800311c                Default_Handler
                0x0800311c                CEC_IRQHandler
                0x0800311c                EXTI15_10_IRQHandler
                0x0800311c                ADC_IRQHandler
                0x0800311c                DMA1_Stream7_IRQHandler
                0x0800311c                TIM7_IRQHandler
                0x0800311c                CAN2_TX_IRQHandler
                0x0800311c                TIM5_IRQHandler
                0x0800311c                DMA2_Stream7_IRQHandler
                0x0800311c                I2C3_EV_IRQHandler
                0x0800311c                EXTI9_5_IRQHandler
                0x0800311c                RTC_WKUP_IRQHandler
                0x0800311c                SPDIF_RX_IRQHandler
                0x0800311c                SPI2_IRQHandler
                0x0800311c                OTG_HS_EP1_IN_IRQHandler
                0x0800311c                DMA1_Stream0_IRQHandler
                0x0800311c                CAN1_TX_IRQHandler
                0x0800311c                FMPI2C1_ER_IRQHandler
                0x0800311c                EXTI4_IRQHandler
                0x0800311c                OTG_HS_EP1_OUT_IRQHandler
                0x0800311c                WWDG_IRQHandler
                0x0800311c                TIM2_IRQHandler
                0x0800311c                OTG_FS_WKUP_IRQHandler
                0x0800311c                TIM1_TRG_COM_TIM11_IRQHandler
                0x0800311c                OTG_HS_IRQHandler
                0x0800311c                EXTI1_IRQHandler
                0x0800311c                USART2_IRQHandler
                0x0800311c                I2C2_ER_IRQHandler
                0x0800311c                DMA2_Stream1_IRQHandler
                0x0800311c                CAN1_SCE_IRQHandler
                0x0800311c                FLASH_IRQHandler
                0x0800311c                DMA2_Stream4_IRQHandler
                0x0800311c                USART1_IRQHandler
                0x0800311c                OTG_FS_IRQHandler
                0x0800311c                SPI3_IRQHandler
                0x0800311c                DMA1_Stream4_IRQHandler
                0x0800311c                I2C1_ER_IRQHandler
                0x0800311c                FMC_IRQHandler
                0x0800311c                DMA2_Stream6_IRQHandler
                0x0800311c                SAI1_IRQHandler
                0x0800311c                DMA1_Stream3_IRQHandler
 *fill*         0x0800311e        0x2 
 .text.HAL_Init
                0x08003120       0x44 ./Drivers/STM32F4xx_HAL_Driver/Src/stm32f4xx_hal.o
                0x08003120                HAL_Init
 .text.HAL_InitTick
                0x08003164       0x6c ./Drivers/STM32F4xx_HAL_Driver/Src/stm32f4xx_hal.o
                0x08003164                HAL_InitTick
 .text.HAL_IncTick
                0x080031d0       0x28 ./Drivers/STM32F4xx_HAL_Driver/Src/stm32f4xx_hal.o
                0x080031d0                HAL_IncTick
 .text.HAL_GetTick
                0x080031f8       0x18 ./Drivers/STM32F4xx_HAL_Driver/Src/stm32f4xx_hal.o
                0x080031f8                HAL_GetTick
 .text.HAL_Delay
                0x08003210       0x54 ./Drivers/STM32F4xx_HAL_Driver/Src/stm32f4xx_hal.o
                0x08003210                HAL_Delay
 .text.__NVIC_SetPriorityGrouping
                0x08003264       0x48 ./Drivers/STM32F4xx_HAL_Driver/Src/stm32f4xx_hal_cortex.o
 .text.__NVIC_GetPriorityGrouping
                0x080032ac       0x1c ./Drivers/STM32F4xx_HAL_Driver/Src/stm32f4xx_hal_cortex.o
 .text.__NVIC_EnableIRQ
                0x080032c8       0x3c ./Drivers/STM32F4xx_HAL_Driver/Src/stm32f4xx_hal_cortex.o
 .text.__NVIC_SetPriority
                0x08003304       0x54 ./Drivers/STM32F4xx_HAL_Driver/Src/stm32f4xx_hal_cortex.o
 .text.NVIC_EncodePriority
                0x08003358       0x62 ./Drivers/STM32F4xx_HAL_Driver/Src/stm32f4xx_hal_cortex.o
 *fill*         0x080033ba        0x2 
 .text.SysTick_Config
                0x080033bc       0x44 ./Drivers/STM32F4xx_HAL_Driver/Src/stm32f4xx_hal_cortex.o
 .text.HAL_NVIC_SetPriorityGrouping
                0x08003400       0x16 ./Drivers/STM32F4xx_HAL_Driver/Src/stm32f4xx_hal_cortex.o
                0x08003400                HAL_NVIC_SetPriorityGrouping
 .text.HAL_NVIC_SetPriority
                0x08003416       0x38 ./Drivers/STM32F4xx_HAL_Driver/Src/stm32f4xx_hal_cortex.o
                0x08003416                HAL_NVIC_SetPriority
 .text.HAL_NVIC_EnableIRQ
                0x0800344e       0x1c ./Drivers/STM32F4xx_HAL_Driver/Src/stm32f4xx_hal_cortex.o
                0x0800344e                HAL_NVIC_EnableIRQ
 .text.HAL_SYSTICK_Config
                0x0800346a       0x18 ./Drivers/STM32F4xx_HAL_Driver/Src/stm32f4xx_hal_cortex.o
                0x0800346a                HAL_SYSTICK_Config
 *fill*         0x08003482        0x2 
 .text.HAL_GPIO_Init
                0x08003484      0x328 ./Drivers/STM32F4xx_HAL_Driver/Src/stm32f4xx_hal_gpio.o
                0x08003484                HAL_GPIO_Init
 .text.HAL_GPIO_ReadPin
                0x080037ac       0x3a ./Drivers/STM32F4xx_HAL_Driver/Src/stm32f4xx_hal_gpio.o
                0x080037ac                HAL_GPIO_ReadPin
 .text.HAL_GPIO_WritePin
                0x080037e6       0x32 ./Drivers/STM32F4xx_HAL_Driver/Src/stm32f4xx_hal_gpio.o
                0x080037e6                HAL_GPIO_WritePin
 .text.HAL_RCC_ClockConfig
                0x08003818      0x228 ./Drivers/STM32F4xx_HAL_Driver/Src/stm32f4xx_hal_rcc.o
                0x08003818                HAL_RCC_ClockConfig
 .text.HAL_RCC_GetHCLKFreq
                0x08003a40       0x18 ./Drivers/STM32F4xx_HAL_Driver/Src/stm32f4xx_hal_rcc.o
                0x08003a40                HAL_RCC_GetHCLKFreq
 .text.HAL_RCC_GetPCLK1Freq
                0x08003a58       0x28 ./Drivers/STM32F4xx_HAL_Driver/Src/stm32f4xx_hal_rcc.o
                0x08003a58                HAL_RCC_GetPCLK1Freq
 .text.HAL_RCC_GetPCLK2Freq
                0x08003a80       0x28 ./Drivers/STM32F4xx_HAL_Driver/Src/stm32f4xx_hal_rcc.o
                0x08003a80                HAL_RCC_GetPCLK2Freq
 .text.HAL_RCC_GetSysClockFreq
                0x08003aa8      0x474 ./Drivers/STM32F4xx_HAL_Driver/Src/stm32f4xx_hal_rcc_ex.o
                0x08003aa8                HAL_RCC_GetSysClockFreq
 .text.HAL_RCC_OscConfig
                0x08003f1c      0x68c ./Drivers/STM32F4xx_HAL_Driver/Src/stm32f4xx_hal_rcc_ex.o
                0x08003f1c                HAL_RCC_OscConfig
 .text.HAL_SPI_Init
                0x080045a8      0x11c ./Drivers/STM32F4xx_HAL_Driver/Src/stm32f4xx_hal_spi.o
                0x080045a8                HAL_SPI_Init
 .text.HAL_SPI_Transmit
                0x080046c4      0x2ee ./Drivers/STM32F4xx_HAL_Driver/Src/stm32f4xx_hal_spi.o
                0x080046c4                HAL_SPI_Transmit
 .text.HAL_SPI_Receive
                0x080049b2      0x29a ./Drivers/STM32F4xx_HAL_Driver/Src/stm32f4xx_hal_spi.o
                0x080049b2                HAL_SPI_Receive
 .text.HAL_SPI_TransmitReceive
                0x08004c4c      0x3d0 ./Drivers/STM32F4xx_HAL_Driver/Src/stm32f4xx_hal_spi.o
                0x08004c4c                HAL_SPI_TransmitReceive
 .text._ZL29SPI_WaitFlagStateUntilTimeoutP19__SPI_HandleTypeDefm10FlagStatusmm
                0x0800501c      0x12c ./Drivers/STM32F4xx_HAL_Driver/Src/stm32f4xx_hal_spi.o
 .text._ZL20SPI_EndRxTransactionP19__SPI_HandleTypeDefmm
                0x08005148       0xe8 ./Drivers/STM32F4xx_HAL_Driver/Src/stm32f4xx_hal_spi.o
 .text._ZL22SPI_EndRxTxTransactionP19__SPI_HandleTypeDefmm
                0x08005230       0xdc ./Drivers/STM32F4xx_HAL_Driver/Src/stm32f4xx_hal_spi.o
 .text.HAL_TIM_Base_Init
                0x0800530c       0xa8 ./Drivers/STM32F4xx_HAL_Driver/Src/stm32f4xx_hal_tim.o
                0x0800530c                HAL_TIM_Base_Init
 .text.HAL_TIM_Base_Start
                0x080053b4       0xd8 ./Drivers/STM32F4xx_HAL_Driver/Src/stm32f4xx_hal_tim.o
                0x080053b4                HAL_TIM_Base_Start
 .text.HAL_TIM_ConfigClockSource
                0x0800548c      0x18e ./Drivers/STM32F4xx_HAL_Driver/Src/stm32f4xx_hal_tim.o
                0x0800548c                HAL_TIM_ConfigClockSource
 *fill*         0x0800561a        0x2 
 .text.TIM_Base_SetConfig
                0x0800561c      0x160 ./Drivers/STM32F4xx_HAL_Driver/Src/stm32f4xx_hal_tim.o
                0x0800561c                TIM_Base_SetConfig
 .text._ZL24TIM_TI1_ConfigInputStageP11TIM_TypeDefmm
                0x0800577c       0x5e ./Drivers/STM32F4xx_HAL_Driver/Src/stm32f4xx_hal_tim.o
 .text._ZL24TIM_TI2_ConfigInputStageP11TIM_TypeDefmm
                0x080057da       0x60 ./Drivers/STM32F4xx_HAL_Driver/Src/stm32f4xx_hal_tim.o
 .text._ZL18TIM_ITRx_SetConfigP11TIM_TypeDefm
                0x0800583a       0x36 ./Drivers/STM32F4xx_HAL_Driver/Src/stm32f4xx_hal_tim.o
 .text.TIM_ETR_SetConfig
                0x08005870       0x40 ./Drivers/STM32F4xx_HAL_Driver/Src/stm32f4xx_hal_tim.o
                0x08005870                TIM_ETR_SetConfig
 .text.HAL_TIMEx_MasterConfigSynchronization
                0x080058b0       0xf8 ./Drivers/STM32F4xx_HAL_Driver/Src/stm32f4xx_hal_tim_ex.o
                0x080058b0                HAL_TIMEx_MasterConfigSynchronization
 .text.HAL_UART_Init
                0x080059a8       0xaa ./Drivers/STM32F4xx_HAL_Driver/Src/stm32f4xx_hal_uart.o
                0x080059a8                HAL_UART_Init
 .text.HAL_UART_Transmit
                0x08005a52      0x142 ./Drivers/STM32F4xx_HAL_Driver/Src/stm32f4xx_hal_uart.o
                0x08005a52                HAL_UART_Transmit
 .text._ZL27UART_WaitOnFlagUntilTimeoutP20__UART_HandleTypeDefm10FlagStatusmm
                0x08005b94       0xe2 ./Drivers/STM32F4xx_HAL_Driver/Src/stm32f4xx_hal_uart.o
 .text._ZL18UART_EndRxTransferP20__UART_HandleTypeDef
                0x08005c76       0xee ./Drivers/STM32F4xx_HAL_Driver/Src/stm32f4xx_hal_uart.o
 .text._ZL14UART_SetConfigP20__UART_HandleTypeDef
                0x08005d64      0x4ec ./Drivers/STM32F4xx_HAL_Driver/Src/stm32f4xx_hal_uart.o
 .text.abort    0x08006250        0xe /opt/st/stm32cubeide_1.17.0/plugins/com.st.stm32cube.ide.mcu.externaltools.gnu-tools-for-stm32.12.3.rel1.linux64_1.1.0.202410170702/tools/bin/../lib/gcc/arm-none-eabi/12.3.1/../../../../arm-none-eabi/lib/thumb/v7e-m+fp/hard/libc_nano.a(libc_a-abort.o)
                0x08006250                abort
 *fill*         0x0800625e        0x2 
 .text.malloc   0x08006260       0x10 /opt/st/stm32cubeide_1.17.0/plugins/com.st.stm32cube.ide.mcu.externaltools.gnu-tools-for-stm32.12.3.rel1.linux64_1.1.0.202410170702/tools/bin/../lib/gcc/arm-none-eabi/12.3.1/../../../../arm-none-eabi/lib/thumb/v7e-m+fp/hard/libc_nano.a(libc_a-malloc.o)
                0x08006260                malloc
 .text.sbrk_aligned
                0x08006270       0x44 /opt/st/stm32cubeide_1.17.0/plugins/com.st.stm32cube.ide.mcu.externaltools.gnu-tools-for-stm32.12.3.rel1.linux64_1.1.0.202410170702/tools/bin/../lib/gcc/arm-none-eabi/12.3.1/../../../../arm-none-eabi/lib/thumb/v7e-m+fp/hard/libc_nano.a(libc_a-mallocr.o)
 .text._malloc_r
                0x080062b4      0x100 /opt/st/stm32cubeide_1.17.0/plugins/com.st.stm32cube.ide.mcu.externaltools.gnu-tools-for-stm32.12.3.rel1.linux64_1.1.0.202410170702/tools/bin/../lib/gcc/arm-none-eabi/12.3.1/../../../../arm-none-eabi/lib/thumb/v7e-m+fp/hard/libc_nano.a(libc_a-mallocr.o)
                0x080062b4                _malloc_r
 .text.__malloc_lock
                0x080063b4        0xc /opt/st/stm32cubeide_1.17.0/plugins/com.st.stm32cube.ide.mcu.externaltools.gnu-tools-for-stm32.12.3.rel1.linux64_1.1.0.202410170702/tools/bin/../lib/gcc/arm-none-eabi/12.3.1/../../../../arm-none-eabi/lib/thumb/v7e-m+fp/hard/libc_nano.a(libc_a-mlock.o)
                0x080063b4                __malloc_lock
 .text.__malloc_unlock
                0x080063c0        0xc /opt/st/stm32cubeide_1.17.0/plugins/com.st.stm32cube.ide.mcu.externaltools.gnu-tools-for-stm32.12.3.rel1.linux64_1.1.0.202410170702/tools/bin/../lib/gcc/arm-none-eabi/12.3.1/../../../../arm-none-eabi/lib/thumb/v7e-m+fp/hard/libc_nano.a(libc_a-mlock.o)
                0x080063c0                __malloc_unlock
 .text.__cvt    0x080063cc       0xca /opt/st/stm32cubeide_1.17.0/plugins/com.st.stm32cube.ide.mcu.externaltools.gnu-tools-for-stm32.12.3.rel1.linux64_1.1.0.202410170702/tools/bin/../lib/gcc/arm-none-eabi/12.3.1/../../../../arm-none-eabi/lib/thumb/v7e-m+fp/hard/libc_nano.a(libc_a-nano-vfprintf_float.o)
                0x080063cc                __cvt
 .text.__exponent
                0x08006496       0x74 /opt/st/stm32cubeide_1.17.0/plugins/com.st.stm32cube.ide.mcu.externaltools.gnu-tools-for-stm32.12.3.rel1.linux64_1.1.0.202410170702/tools/bin/../lib/gcc/arm-none-eabi/12.3.1/../../../../arm-none-eabi/lib/thumb/v7e-m+fp/hard/libc_nano.a(libc_a-nano-vfprintf_float.o)
                0x08006496                __exponent
 *fill*         0x0800650a        0x2 
 .text._printf_float
                0x0800650c      0x454 /opt/st/stm32cubeide_1.17.0/plugins/com.st.stm32cube.ide.mcu.externaltools.gnu-tools-for-stm32.12.3.rel1.linux64_1.1.0.202410170702/tools/bin/../lib/gcc/arm-none-eabi/12.3.1/../../../../arm-none-eabi/lib/thumb/v7e-m+fp/hard/libc_nano.a(libc_a-nano-vfprintf_float.o)
                0x0800650c                _printf_float
 .text._printf_common
                0x08006960       0xda /opt/st/stm32cubeide_1.17.0/plugins/com.st.stm32cube.ide.mcu.externaltools.gnu-tools-for-stm32.12.3.rel1.linux64_1.1.0.202410170702/tools/bin/../lib/gcc/arm-none-eabi/12.3.1/../../../../arm-none-eabi/lib/thumb/v7e-m+fp/hard/libc_nano.a(libc_a-nano-vfprintf_i.o)
                0x08006960                _printf_common
 *fill*         0x08006a3a        0x2 
 .text._printf_i
                0x08006a3c      0x240 /opt/st/stm32cubeide_1.17.0/plugins/com.st.stm32cube.ide.mcu.externaltools.gnu-tools-for-stm32.12.3.rel1.linux64_1.1.0.202410170702/tools/bin/../lib/gcc/arm-none-eabi/12.3.1/../../../../arm-none-eabi/lib/thumb/v7e-m+fp/hard/libc_nano.a(libc_a-nano-vfprintf_i.o)
                0x08006a3c                _printf_i
 .text.std      0x08006c7c       0x6c /opt/st/stm32cubeide_1.17.0/plugins/com.st.stm32cube.ide.mcu.externaltools.gnu-tools-for-stm32.12.3.rel1.linux64_1.1.0.202410170702/tools/bin/../lib/gcc/arm-none-eabi/12.3.1/../../../../arm-none-eabi/lib/thumb/v7e-m+fp/hard/libc_nano.a(libc_a-findfp.o)
 .text.stdio_exit_handler
                0x08006ce8       0x18 /opt/st/stm32cubeide_1.17.0/plugins/com.st.stm32cube.ide.mcu.externaltools.gnu-tools-for-stm32.12.3.rel1.linux64_1.1.0.202410170702/tools/bin/../lib/gcc/arm-none-eabi/12.3.1/../../../../arm-none-eabi/lib/thumb/v7e-m+fp/hard/libc_nano.a(libc_a-findfp.o)
 .text.cleanup_stdio
                0x08006d00       0x40 /opt/st/stm32cubeide_1.17.0/plugins/com.st.stm32cube.ide.mcu.externaltools.gnu-tools-for-stm32.12.3.rel1.linux64_1.1.0.202410170702/tools/bin/../lib/gcc/arm-none-eabi/12.3.1/../../../../arm-none-eabi/lib/thumb/v7e-m+fp/hard/libc_nano.a(libc_a-findfp.o)
 .text.global_stdio_init.part.0
                0x08006d40       0x3c /opt/st/stm32cubeide_1.17.0/plugins/com.st.stm32cube.ide.mcu.externaltools.gnu-tools-for-stm32.12.3.rel1.linux64_1.1.0.202410170702/tools/bin/../lib/gcc/arm-none-eabi/12.3.1/../../../../arm-none-eabi/lib/thumb/v7e-m+fp/hard/libc_nano.a(libc_a-findfp.o)
 .text.__sfp_lock_acquire
                0x08006d7c        0xc /opt/st/stm32cubeide_1.17.0/plugins/com.st.stm32cube.ide.mcu.externaltools.gnu-tools-for-stm32.12.3.rel1.linux64_1.1.0.202410170702/tools/bin/../lib/gcc/arm-none-eabi/12.3.1/../../../../arm-none-eabi/lib/thumb/v7e-m+fp/hard/libc_nano.a(libc_a-findfp.o)
                0x08006d7c                __sfp_lock_acquire
 .text.__sfp_lock_release
                0x08006d88        0xc /opt/st/stm32cubeide_1.17.0/plugins/com.st.stm32cube.ide.mcu.externaltools.gnu-tools-for-stm32.12.3.rel1.linux64_1.1.0.202410170702/tools/bin/../lib/gcc/arm-none-eabi/12.3.1/../../../../arm-none-eabi/lib/thumb/v7e-m+fp/hard/libc_nano.a(libc_a-findfp.o)
                0x08006d88                __sfp_lock_release
 .text.__sinit  0x08006d94       0x30 /opt/st/stm32cubeide_1.17.0/plugins/com.st.stm32cube.ide.mcu.externaltools.gnu-tools-for-stm32.12.3.rel1.linux64_1.1.0.202410170702/tools/bin/../lib/gcc/arm-none-eabi/12.3.1/../../../../arm-none-eabi/lib/thumb/v7e-m+fp/hard/libc_nano.a(libc_a-findfp.o)
                0x08006d94                __sinit
 .text._fwalk_sglue
                0x08006dc4       0x3c /opt/st/stm32cubeide_1.17.0/plugins/com.st.stm32cube.ide.mcu.externaltools.gnu-tools-for-stm32.12.3.rel1.linux64_1.1.0.202410170702/tools/bin/../lib/gcc/arm-none-eabi/12.3.1/../../../../arm-none-eabi/lib/thumb/v7e-m+fp/hard/libc_nano.a(libc_a-fwalk.o)
                0x08006dc4                _fwalk_sglue
 .text.sprintf  0x08006e00       0x40 /opt/st/stm32cubeide_1.17.0/plugins/com.st.stm32cube.ide.mcu.externaltools.gnu-tools-for-stm32.12.3.rel1.linux64_1.1.0.202410170702/tools/bin/../lib/gcc/arm-none-eabi/12.3.1/../../../../arm-none-eabi/lib/thumb/v7e-m+fp/hard/libc_nano.a(libc_a-sprintf.o)
                0x08006e00                sprintf
                0x08006e00                siprintf
 .text.__sread  0x08006e40       0x22 /opt/st/stm32cubeide_1.17.0/plugins/com.st.stm32cube.ide.mcu.externaltools.gnu-tools-for-stm32.12.3.rel1.linux64_1.1.0.202410170702/tools/bin/../lib/gcc/arm-none-eabi/12.3.1/../../../../arm-none-eabi/lib/thumb/v7e-m+fp/hard/libc_nano.a(libc_a-stdio.o)
                0x08006e40                __sread
 .text.__swrite
                0x08006e62       0x38 /opt/st/stm32cubeide_1.17.0/plugins/com.st.stm32cube.ide.mcu.externaltools.gnu-tools-for-stm32.12.3.rel1.linux64_1.1.0.202410170702/tools/bin/../lib/gcc/arm-none-eabi/12.3.1/../../../../arm-none-eabi/lib/thumb/v7e-m+fp/hard/libc_nano.a(libc_a-stdio.o)
                0x08006e62                __swrite
 .text.__sseek  0x08006e9a       0x24 /opt/st/stm32cubeide_1.17.0/plugins/com.st.stm32cube.ide.mcu.externaltools.gnu-tools-for-stm32.12.3.rel1.linux64_1.1.0.202410170702/tools/bin/../lib/gcc/arm-none-eabi/12.3.1/../../../../arm-none-eabi/lib/thumb/v7e-m+fp/hard/libc_nano.a(libc_a-stdio.o)
                0x08006e9a                __sseek
 .text.__sclose
                0x08006ebe        0x8 /opt/st/stm32cubeide_1.17.0/plugins/com.st.stm32cube.ide.mcu.externaltools.gnu-tools-for-stm32.12.3.rel1.linux64_1.1.0.202410170702/tools/bin/../lib/gcc/arm-none-eabi/12.3.1/../../../../arm-none-eabi/lib/thumb/v7e-m+fp/hard/libc_nano.a(libc_a-stdio.o)
                0x08006ebe                __sclose
 .text.memset   0x08006ec6       0x10 /opt/st/stm32cubeide_1.17.0/plugins/com.st.stm32cube.ide.mcu.externaltools.gnu-tools-for-stm32.12.3.rel1.linux64_1.1.0.202410170702/tools/bin/../lib/gcc/arm-none-eabi/12.3.1/../../../../arm-none-eabi/lib/thumb/v7e-m+fp/hard/libc_nano.a(libc_a-memset.o)
                0x08006ec6                memset
 .text._raise_r
                0x08006ed6       0x50 /opt/st/stm32cubeide_1.17.0/plugins/com.st.stm32cube.ide.mcu.externaltools.gnu-tools-for-stm32.12.3.rel1.linux64_1.1.0.202410170702/tools/bin/../lib/gcc/arm-none-eabi/12.3.1/../../../../arm-none-eabi/lib/thumb/v7e-m+fp/hard/libc_nano.a(libc_a-signal.o)
                0x08006ed6                _raise_r
 *fill*         0x08006f26        0x2 
 .text.raise    0x08006f28       0x10 /opt/st/stm32cubeide_1.17.0/plugins/com.st.stm32cube.ide.mcu.externaltools.gnu-tools-for-stm32.12.3.rel1.linux64_1.1.0.202410170702/tools/bin/../lib/gcc/arm-none-eabi/12.3.1/../../../../arm-none-eabi/lib/thumb/v7e-m+fp/hard/libc_nano.a(libc_a-signal.o)
                0x08006f28                raise
 .text._localeconv_r
                0x08006f38        0x8 /opt/st/stm32cubeide_1.17.0/plugins/com.st.stm32cube.ide.mcu.externaltools.gnu-tools-for-stm32.12.3.rel1.linux64_1.1.0.202410170702/tools/bin/../lib/gcc/arm-none-eabi/12.3.1/../../../../arm-none-eabi/lib/thumb/v7e-m+fp/hard/libc_nano.a(libc_a-localeconv.o)
                0x08006f38                _localeconv_r
 .text._close_r
                0x08006f40       0x20 /opt/st/stm32cubeide_1.17.0/plugins/com.st.stm32cube.ide.mcu.externaltools.gnu-tools-for-stm32.12.3.rel1.linux64_1.1.0.202410170702/tools/bin/../lib/gcc/arm-none-eabi/12.3.1/../../../../arm-none-eabi/lib/thumb/v7e-m+fp/hard/libc_nano.a(libc_a-closer.o)
                0x08006f40                _close_r
 .text._lseek_r
                0x08006f60       0x24 /opt/st/stm32cubeide_1.17.0/plugins/com.st.stm32cube.ide.mcu.externaltools.gnu-tools-for-stm32.12.3.rel1.linux64_1.1.0.202410170702/tools/bin/../lib/gcc/arm-none-eabi/12.3.1/../../../../arm-none-eabi/lib/thumb/v7e-m+fp/hard/libc_nano.a(libc_a-lseekr.o)
                0x08006f60                _lseek_r
 .text._read_r  0x08006f84       0x24 /opt/st/stm32cubeide_1.17.0/plugins/com.st.stm32cube.ide.mcu.externaltools.gnu-tools-for-stm32.12.3.rel1.linux64_1.1.0.202410170702/tools/bin/../lib/gcc/arm-none-eabi/12.3.1/../../../../arm-none-eabi/lib/thumb/v7e-m+fp/hard/libc_nano.a(libc_a-readr.o)
                0x08006f84                _read_r
 .text._kill_r  0x08006fa8       0x24 /opt/st/stm32cubeide_1.17.0/plugins/com.st.stm32cube.ide.mcu.externaltools.gnu-tools-for-stm32.12.3.rel1.linux64_1.1.0.202410170702/tools/bin/../lib/gcc/arm-none-eabi/12.3.1/../../../../arm-none-eabi/lib/thumb/v7e-m+fp/hard/libc_nano.a(libc_a-signalr.o)
                0x08006fa8                _kill_r
 .text._getpid_r
                0x08006fcc        0x4 /opt/st/stm32cubeide_1.17.0/plugins/com.st.stm32cube.ide.mcu.externaltools.gnu-tools-for-stm32.12.3.rel1.linux64_1.1.0.202410170702/tools/bin/../lib/gcc/arm-none-eabi/12.3.1/../../../../arm-none-eabi/lib/thumb/v7e-m+fp/hard/libc_nano.a(libc_a-signalr.o)
                0x08006fcc                _getpid_r
 .text._sbrk_r  0x08006fd0       0x20 /opt/st/stm32cubeide_1.17.0/plugins/com.st.stm32cube.ide.mcu.externaltools.gnu-tools-for-stm32.12.3.rel1.linux64_1.1.0.202410170702/tools/bin/../lib/gcc/arm-none-eabi/12.3.1/../../../../arm-none-eabi/lib/thumb/v7e-m+fp/hard/libc_nano.a(libc_a-sbrkr.o)
                0x08006fd0                _sbrk_r
 .text._write_r
                0x08006ff0       0x24 /opt/st/stm32cubeide_1.17.0/plugins/com.st.stm32cube.ide.mcu.externaltools.gnu-tools-for-stm32.12.3.rel1.linux64_1.1.0.202410170702/tools/bin/../lib/gcc/arm-none-eabi/12.3.1/../../../../arm-none-eabi/lib/thumb/v7e-m+fp/hard/libc_nano.a(libc_a-writer.o)
                0x08006ff0                _write_r
 .text.__libc_init_array
                0x08007014       0x48 /opt/st/stm32cubeide_1.17.0/plugins/com.st.stm32cube.ide.mcu.externaltools.gnu-tools-for-stm32.12.3.rel1.linux64_1.1.0.202410170702/tools/bin/../lib/gcc/arm-none-eabi/12.3.1/../../../../arm-none-eabi/lib/thumb/v7e-m+fp/hard/libc_nano.a(libc_a-init.o)
                0x08007014                __libc_init_array
 .text.__retarget_lock_init_recursive
                0x0800705c        0x2 /opt/st/stm32cubeide_1.17.0/plugins/com.st.stm32cube.ide.mcu.externaltools.gnu-tools-for-stm32.12.3.rel1.linux64_1.1.0.202410170702/tools/bin/../lib/gcc/arm-none-eabi/12.3.1/../../../../arm-none-eabi/lib/thumb/v7e-m+fp/hard/libc_nano.a(libc_a-lock.o)
                0x0800705c                __retarget_lock_init_recursive
 .text.__retarget_lock_acquire_recursive
                0x0800705e        0x2 /opt/st/stm32cubeide_1.17.0/plugins/com.st.stm32cube.ide.mcu.externaltools.gnu-tools-for-stm32.12.3.rel1.linux64_1.1.0.202410170702/tools/bin/../lib/gcc/arm-none-eabi/12.3.1/../../../../arm-none-eabi/lib/thumb/v7e-m+fp/hard/libc_nano.a(libc_a-lock.o)
                0x0800705e                __retarget_lock_acquire_recursive
 .text.__retarget_lock_release_recursive
                0x08007060        0x2 /opt/st/stm32cubeide_1.17.0/plugins/com.st.stm32cube.ide.mcu.externaltools.gnu-tools-for-stm32.12.3.rel1.linux64_1.1.0.202410170702/tools/bin/../lib/gcc/arm-none-eabi/12.3.1/../../../../arm-none-eabi/lib/thumb/v7e-m+fp/hard/libc_nano.a(libc_a-lock.o)
                0x08007060                __retarget_lock_release_recursive
 .text.memcpy   0x08007062       0x1c /opt/st/stm32cubeide_1.17.0/plugins/com.st.stm32cube.ide.mcu.externaltools.gnu-tools-for-stm32.12.3.rel1.linux64_1.1.0.202410170702/tools/bin/../lib/gcc/arm-none-eabi/12.3.1/../../../../arm-none-eabi/lib/thumb/v7e-m+fp/hard/libc_nano.a(libc_a-memcpy-stub.o)
                0x08007062                memcpy
 .text.quorem   0x0800707e      0x110 /opt/st/stm32cubeide_1.17.0/plugins/com.st.stm32cube.ide.mcu.externaltools.gnu-tools-for-stm32.12.3.rel1.linux64_1.1.0.202410170702/tools/bin/../lib/gcc/arm-none-eabi/12.3.1/../../../../arm-none-eabi/lib/thumb/v7e-m+fp/hard/libc_nano.a(libc_a-dtoa.o)
 *fill*         0x0800718e        0x2 
 .text._dtoa_r  0x08007190      0xb88 /opt/st/stm32cubeide_1.17.0/plugins/com.st.stm32cube.ide.mcu.externaltools.gnu-tools-for-stm32.12.3.rel1.linux64_1.1.0.202410170702/tools/bin/../lib/gcc/arm-none-eabi/12.3.1/../../../../arm-none-eabi/lib/thumb/v7e-m+fp/hard/libc_nano.a(libc_a-dtoa.o)
                0x08007190                _dtoa_r
 .text._free_r  0x08007d18       0x94 /opt/st/stm32cubeide_1.17.0/plugins/com.st.stm32cube.ide.mcu.externaltools.gnu-tools-for-stm32.12.3.rel1.linux64_1.1.0.202410170702/tools/bin/../lib/gcc/arm-none-eabi/12.3.1/../../../../arm-none-eabi/lib/thumb/v7e-m+fp/hard/libc_nano.a(libc_a-freer.o)
                0x08007d18                _free_r
 .text._Balloc  0x08007dac       0x80 /opt/st/stm32cubeide_1.17.0/plugins/com.st.stm32cube.ide.mcu.externaltools.gnu-tools-for-stm32.12.3.rel1.linux64_1.1.0.202410170702/tools/bin/../lib/gcc/arm-none-eabi/12.3.1/../../../../arm-none-eabi/lib/thumb/v7e-m+fp/hard/libc_nano.a(libc_a-mprec.o)
                0x08007dac                _Balloc
 .text._Bfree   0x08007e2c       0x44 /opt/st/stm32cubeide_1.17.0/plugins/com.st.stm32cube.ide.mcu.externaltools.gnu-tools-for-stm32.12.3.rel1.linux64_1.1.0.202410170702/tools/bin/../lib/gcc/arm-none-eabi/12.3.1/../../../../arm-none-eabi/lib/thumb/v7e-m+fp/hard/libc_nano.a(libc_a-mprec.o)
                0x08007e2c                _Bfree
 .text.__multadd
                0x08007e70       0x8c /opt/st/stm32cubeide_1.17.0/plugins/com.st.stm32cube.ide.mcu.externaltools.gnu-tools-for-stm32.12.3.rel1.linux64_1.1.0.202410170702/tools/bin/../lib/gcc/arm-none-eabi/12.3.1/../../../../arm-none-eabi/lib/thumb/v7e-m+fp/hard/libc_nano.a(libc_a-mprec.o)
                0x08007e70                __multadd
 .text.__hi0bits
                0x08007efc       0x3e /opt/st/stm32cubeide_1.17.0/plugins/com.st.stm32cube.ide.mcu.externaltools.gnu-tools-for-stm32.12.3.rel1.linux64_1.1.0.202410170702/tools/bin/../lib/gcc/arm-none-eabi/12.3.1/../../../../arm-none-eabi/lib/thumb/v7e-m+fp/hard/libc_nano.a(libc_a-mprec.o)
                0x08007efc                __hi0bits
 .text.__lo0bits
                0x08007f3a       0x5a /opt/st/stm32cubeide_1.17.0/plugins/com.st.stm32cube.ide.mcu.externaltools.gnu-tools-for-stm32.12.3.rel1.linux64_1.1.0.202410170702/tools/bin/../lib/gcc/arm-none-eabi/12.3.1/../../../../arm-none-eabi/lib/thumb/v7e-m+fp/hard/libc_nano.a(libc_a-mprec.o)
                0x08007f3a                __lo0bits
 .text.__i2b    0x08007f94       0x2c /opt/st/stm32cubeide_1.17.0/plugins/com.st.stm32cube.ide.mcu.externaltools.gnu-tools-for-stm32.12.3.rel1.linux64_1.1.0.202410170702/tools/bin/../lib/gcc/arm-none-eabi/12.3.1/../../../../arm-none-eabi/lib/thumb/v7e-m+fp/hard/libc_nano.a(libc_a-mprec.o)
                0x08007f94                __i2b
 .text.__multiply
                0x08007fc0      0x154 /opt/st/stm32cubeide_1.17.0/plugins/com.st.stm32cube.ide.mcu.externaltools.gnu-tools-for-stm32.12.3.rel1.linux64_1.1.0.202410170702/tools/bin/../lib/gcc/arm-none-eabi/12.3.1/../../../../arm-none-eabi/lib/thumb/v7e-m+fp/hard/libc_nano.a(libc_a-mprec.o)
                0x08007fc0                __multiply
 .text.__pow5mult
                0x08008114       0xb4 /opt/st/stm32cubeide_1.17.0/plugins/com.st.stm32cube.ide.mcu.externaltools.gnu-tools-for-stm32.12.3.rel1.linux64_1.1.0.202410170702/tools/bin/../lib/gcc/arm-none-eabi/12.3.1/../../../../arm-none-eabi/lib/thumb/v7e-m+fp/hard/libc_nano.a(libc_a-mprec.o)
                0x08008114                __pow5mult
 .text.__lshift
                0x080081c8       0xd8 /opt/st/stm32cubeide_1.17.0/plugins/com.st.stm32cube.ide.mcu.externaltools.gnu-tools-for-stm32.12.3.rel1.linux64_1.1.0.202410170702/tools/bin/../lib/gcc/arm-none-eabi/12.3.1/../../../../arm-none-eabi/lib/thumb/v7e-m+fp/hard/libc_nano.a(libc_a-mprec.o)
                0x080081c8                __lshift
 .text.__mcmp   0x080082a0       0x36 /opt/st/stm32cubeide_1.17.0/plugins/com.st.stm32cube.ide.mcu.externaltools.gnu-tools-for-stm32.12.3.rel1.linux64_1.1.0.202410170702/tools/bin/../lib/gcc/arm-none-eabi/12.3.1/../../../../arm-none-eabi/lib/thumb/v7e-m+fp/hard/libc_nano.a(libc_a-mprec.o)
                0x080082a0                __mcmp
 *fill*         0x080082d6        0x2 
 .text.__mdiff  0x080082d8      0x128 /opt/st/stm32cubeide_1.17.0/plugins/com.st.stm32cube.ide.mcu.externaltools.gnu-tools-for-stm32.12.3.rel1.linux64_1.1.0.202410170702/tools/bin/../lib/gcc/arm-none-eabi/12.3.1/../../../../arm-none-eabi/lib/thumb/v7e-m+fp/hard/libc_nano.a(libc_a-mprec.o)
                0x080082d8                __mdiff
 .text.__d2b    0x08008400       0xb0 /opt/st/stm32cubeide_1.17.0/plugins/com.st.stm32cube.ide.mcu.externaltools.gnu-tools-for-stm32.12.3.rel1.linux64_1.1.0.202410170702/tools/bin/../lib/gcc/arm-none-eabi/12.3.1/../../../../arm-none-eabi/lib/thumb/v7e-m+fp/hard/libc_nano.a(libc_a-mprec.o)
                0x08008400                __d2b
 .text.__ssputs_r
                0x080084b0       0xb6 /opt/st/stm32cubeide_1.17.0/plugins/com.st.stm32cube.ide.mcu.externaltools.gnu-tools-for-stm32.12.3.rel1.linux64_1.1.0.202410170702/tools/bin/../lib/gcc/arm-none-eabi/12.3.1/../../../../arm-none-eabi/lib/thumb/v7e-m+fp/hard/libc_nano.a(libc_a-nano-svfprintf.o)
                0x080084b0                __ssputs_r
 *fill*         0x08008566        0x2 
 .text._svfprintf_r
                0x08008568      0x1f8 /opt/st/stm32cubeide_1.17.0/plugins/com.st.stm32cube.ide.mcu.externaltools.gnu-tools-for-stm32.12.3.rel1.linux64_1.1.0.202410170702/tools/bin/../lib/gcc/arm-none-eabi/12.3.1/../../../../arm-none-eabi/lib/thumb/v7e-m+fp/hard/libc_nano.a(libc_a-nano-svfprintf.o)
                0x08008568                _svfprintf_r
                0x08008568                _svfiprintf_r
 .text.__sflush_r
                0x08008760      0x108 /opt/st/stm32cubeide_1.17.0/plugins/com.st.stm32cube.ide.mcu.externaltools.gnu-tools-for-stm32.12.3.rel1.linux64_1.1.0.202410170702/tools/bin/../lib/gcc/arm-none-eabi/12.3.1/../../../../arm-none-eabi/lib/thumb/v7e-m+fp/hard/libc_nano.a(libc_a-fflush.o)
                0x08008760                __sflush_r
 .text._fflush_r
                0x08008868       0x50 /opt/st/stm32cubeide_1.17.0/plugins/com.st.stm32cube.ide.mcu.externaltools.gnu-tools-for-stm32.12.3.rel1.linux64_1.1.0.202410170702/tools/bin/../lib/gcc/arm-none-eabi/12.3.1/../../../../arm-none-eabi/lib/thumb/v7e-m+fp/hard/libc_nano.a(libc_a-fflush.o)
                0x08008868                _fflush_r
 .text.memmove  0x080088b8       0x34 /opt/st/stm32cubeide_1.17.0/plugins/com.st.stm32cube.ide.mcu.externaltools.gnu-tools-for-stm32.12.3.rel1.linux64_1.1.0.202410170702/tools/bin/../lib/gcc/arm-none-eabi/12.3.1/../../../../arm-none-eabi/lib/thumb/v7e-m+fp/hard/libc_nano.a(libc_a-memmove.o)
                0x080088b8                memmove
 .text.__assert_func
                0x080088ec       0x3c /opt/st/stm32cubeide_1.17.0/plugins/com.st.stm32cube.ide.mcu.externaltools.gnu-tools-for-stm32.12.3.rel1.linux64_1.1.0.202410170702/tools/bin/../lib/gcc/arm-none-eabi/12.3.1/../../../../arm-none-eabi/lib/thumb/v7e-m+fp/hard/libc_nano.a(libc_a-assert.o)
                0x080088ec                __assert_func
 .text._calloc_r
                0x08008928       0x28 /opt/st/stm32cubeide_1.17.0/plugins/com.st.stm32cube.ide.mcu.externaltools.gnu-tools-for-stm32.12.3.rel1.linux64_1.1.0.202410170702/tools/bin/../lib/gcc/arm-none-eabi/12.3.1/../../../../arm-none-eabi/lib/thumb/v7e-m+fp/hard/libc_nano.a(libc_a-callocr.o)
                0x08008928                _calloc_r
 .text.__ascii_mbtowc
                0x08008950       0x24 /opt/st/stm32cubeide_1.17.0/plugins/com.st.stm32cube.ide.mcu.externaltools.gnu-tools-for-stm32.12.3.rel1.linux64_1.1.0.202410170702/tools/bin/../lib/gcc/arm-none-eabi/12.3.1/../../../../arm-none-eabi/lib/thumb/v7e-m+fp/hard/libc_nano.a(libc_a-mbtowc_r.o)
                0x08008950                __ascii_mbtowc
 .text._realloc_r
                0x08008974       0x5c /opt/st/stm32cubeide_1.17.0/plugins/com.st.stm32cube.ide.mcu.externaltools.gnu-tools-for-stm32.12.3.rel1.linux64_1.1.0.202410170702/tools/bin/../lib/gcc/arm-none-eabi/12.3.1/../../../../arm-none-eabi/lib/thumb/v7e-m+fp/hard/libc_nano.a(libc_a-reallocr.o)
                0x08008974                _realloc_r
 .text.__ascii_wctomb
                0x080089d0       0x1a /opt/st/stm32cubeide_1.17.0/plugins/com.st.stm32cube.ide.mcu.externaltools.gnu-tools-for-stm32.12.3.rel1.linux64_1.1.0.202410170702/tools/bin/../lib/gcc/arm-none-eabi/12.3.1/../../../../arm-none-eabi/lib/thumb/v7e-m+fp/hard/libc_nano.a(libc_a-wctomb_r.o)
                0x080089d0                __ascii_wctomb
 *fill*         0x080089ea        0x2 
 .text.fprintf  0x080089ec       0x24 /opt/st/stm32cubeide_1.17.0/plugins/com.st.stm32cube.ide.mcu.externaltools.gnu-tools-for-stm32.12.3.rel1.linux64_1.1.0.202410170702/tools/bin/../lib/gcc/arm-none-eabi/12.3.1/../../../../arm-none-eabi/lib/thumb/v7e-m+fp/hard/libc_nano.a(libc_a-fprintf.o)
                0x080089ec                fprintf
                0x080089ec                fiprintf
 .text._malloc_usable_size_r
                0x08008a10       0x10 /opt/st/stm32cubeide_1.17.0/plugins/com.st.stm32cube.ide.mcu.externaltools.gnu-tools-for-stm32.12.3.rel1.linux64_1.1.0.202410170702/tools/bin/../lib/gcc/arm-none-eabi/12.3.1/../../../../arm-none-eabi/lib/thumb/v7e-m+fp/hard/libc_nano.a(libc_a-msizer.o)
                0x08008a10                _malloc_usable_size_r
 .text.__sfputc_r
                0x08008a20       0x2e /opt/st/stm32cubeide_1.17.0/plugins/com.st.stm32cube.ide.mcu.externaltools.gnu-tools-for-stm32.12.3.rel1.linux64_1.1.0.202410170702/tools/bin/../lib/gcc/arm-none-eabi/12.3.1/../../../../arm-none-eabi/lib/thumb/v7e-m+fp/hard/libc_nano.a(libc_a-nano-vfprintf.o)
 .text.__sfputs_r
                0x08008a4e       0x24 /opt/st/stm32cubeide_1.17.0/plugins/com.st.stm32cube.ide.mcu.externaltools.gnu-tools-for-stm32.12.3.rel1.linux64_1.1.0.202410170702/tools/bin/../lib/gcc/arm-none-eabi/12.3.1/../../../../arm-none-eabi/lib/thumb/v7e-m+fp/hard/libc_nano.a(libc_a-nano-vfprintf.o)
                0x08008a4e                __sfputs_r
 *fill*         0x08008a72        0x2 
 .text._vfprintf_r
                0x08008a74      0x230 /opt/st/stm32cubeide_1.17.0/plugins/com.st.stm32cube.ide.mcu.externaltools.gnu-tools-for-stm32.12.3.rel1.linux64_1.1.0.202410170702/tools/bin/../lib/gcc/arm-none-eabi/12.3.1/../../../../arm-none-eabi/lib/thumb/v7e-m+fp/hard/libc_nano.a(libc_a-nano-vfprintf.o)
                0x08008a74                _vfiprintf_r
                0x08008a74                _vfprintf_r
 .text.__swbuf_r
                0x08008ca4       0x7c /opt/st/stm32cubeide_1.17.0/plugins/com.st.stm32cube.ide.mcu.externaltools.gnu-tools-for-stm32.12.3.rel1.linux64_1.1.0.202410170702/tools/bin/../lib/gcc/arm-none-eabi/12.3.1/../../../../arm-none-eabi/lib/thumb/v7e-m+fp/hard/libc_nano.a(libc_a-wbuf.o)
                0x08008ca4                __swbuf_r
 .text.__swsetup_r
                0x08008d20       0xac /opt/st/stm32cubeide_1.17.0/plugins/com.st.stm32cube.ide.mcu.externaltools.gnu-tools-for-stm32.12.3.rel1.linux64_1.1.0.202410170702/tools/bin/../lib/gcc/arm-none-eabi/12.3.1/../../../../arm-none-eabi/lib/thumb/v7e-m+fp/hard/libc_nano.a(libc_a-wsetup.o)
                0x08008d20                __swsetup_r
 .text.__swhatbuf_r
                0x08008dcc       0x4c /opt/st/stm32cubeide_1.17.0/plugins/com.st.stm32cube.ide.mcu.externaltools.gnu-tools-for-stm32.12.3.rel1.linux64_1.1.0.202410170702/tools/bin/../lib/gcc/arm-none-eabi/12.3.1/../../../../arm-none-eabi/lib/thumb/v7e-m+fp/hard/libc_nano.a(libc_a-makebuf.o)
                0x08008dcc                __swhatbuf_r
 .text.__smakebuf_r
                0x08008e18       0x78 /opt/st/stm32cubeide_1.17.0/plugins/com.st.stm32cube.ide.mcu.externaltools.gnu-tools-for-stm32.12.3.rel1.linux64_1.1.0.202410170702/tools/bin/../lib/gcc/arm-none-eabi/12.3.1/../../../../arm-none-eabi/lib/thumb/v7e-m+fp/hard/libc_nano.a(libc_a-makebuf.o)
                0x08008e18                __smakebuf_r
 .text._fstat_r
                0x08008e90       0x24 /opt/st/stm32cubeide_1.17.0/plugins/com.st.stm32cube.ide.mcu.externaltools.gnu-tools-for-stm32.12.3.rel1.linux64_1.1.0.202410170702/tools/bin/../lib/gcc/arm-none-eabi/12.3.1/../../../../arm-none-eabi/lib/thumb/v7e-m+fp/hard/libc_nano.a(libc_a-fstatr.o)
                0x08008e90                _fstat_r
 .text._isatty_r
                0x08008eb4       0x20 /opt/st/stm32cubeide_1.17.0/plugins/com.st.stm32cube.ide.mcu.externaltools.gnu-tools-for-stm32.12.3.rel1.linux64_1.1.0.202410170702/tools/bin/../lib/gcc/arm-none-eabi/12.3.1/../../../../arm-none-eabi/lib/thumb/v7e-m+fp/hard/libc_nano.a(libc_a-isattyr.o)
                0x08008eb4                _isatty_r
 .text._close   0x08008ed4       0x10 /opt/st/stm32cubeide_1.17.0/plugins/com.st.stm32cube.ide.mcu.externaltools.gnu-tools-for-stm32.12.3.rel1.linux64_1.1.0.202410170702/tools/bin/../lib/gcc/arm-none-eabi/12.3.1/../../../../arm-none-eabi/lib/thumb/v7e-m+fp/hard/libnosys.a(close.o)
                0x08008ed4                _close
 .text._fstat   0x08008ee4       0x10 /opt/st/stm32cubeide_1.17.0/plugins/com.st.stm32cube.ide.mcu.externaltools.gnu-tools-for-stm32.12.3.rel1.linux64_1.1.0.202410170702/tools/bin/../lib/gcc/arm-none-eabi/12.3.1/../../../../arm-none-eabi/lib/thumb/v7e-m+fp/hard/libnosys.a(fstat.o)
                0x08008ee4                _fstat
 .text._getpid  0x08008ef4       0x10 /opt/st/stm32cubeide_1.17.0/plugins/com.st.stm32cube.ide.mcu.externaltools.gnu-tools-for-stm32.12.3.rel1.linux64_1.1.0.202410170702/tools/bin/../lib/gcc/arm-none-eabi/12.3.1/../../../../arm-none-eabi/lib/thumb/v7e-m+fp/hard/libnosys.a(getpid.o)
                0x08008ef4                _getpid
 .text._isatty  0x08008f04       0x10 /opt/st/stm32cubeide_1.17.0/plugins/com.st.stm32cube.ide.mcu.externaltools.gnu-tools-for-stm32.12.3.rel1.linux64_1.1.0.202410170702/tools/bin/../lib/gcc/arm-none-eabi/12.3.1/../../../../arm-none-eabi/lib/thumb/v7e-m+fp/hard/libnosys.a(isatty.o)
                0x08008f04                _isatty
 .text._kill    0x08008f14       0x10 /opt/st/stm32cubeide_1.17.0/plugins/com.st.stm32cube.ide.mcu.externaltools.gnu-tools-for-stm32.12.3.rel1.linux64_1.1.0.202410170702/tools/bin/../lib/gcc/arm-none-eabi/12.3.1/../../../../arm-none-eabi/lib/thumb/v7e-m+fp/hard/libnosys.a(kill.o)
                0x08008f14                _kill
 .text._lseek   0x08008f24       0x10 /opt/st/stm32cubeide_1.17.0/plugins/com.st.stm32cube.ide.mcu.externaltools.gnu-tools-for-stm32.12.3.rel1.linux64_1.1.0.202410170702/tools/bin/../lib/gcc/arm-none-eabi/12.3.1/../../../../arm-none-eabi/lib/thumb/v7e-m+fp/hard/libnosys.a(lseek.o)
                0x08008f24                _lseek
 .text._read    0x08008f34       0x10 /opt/st/stm32cubeide_1.17.0/plugins/com.st.stm32cube.ide.mcu.externaltools.gnu-tools-for-stm32.12.3.rel1.linux64_1.1.0.202410170702/tools/bin/../lib/gcc/arm-none-eabi/12.3.1/../../../../arm-none-eabi/lib/thumb/v7e-m+fp/hard/libnosys.a(read.o)
                0x08008f34                _read
 .text._sbrk    0x08008f44       0x1c /opt/st/stm32cubeide_1.17.0/plugins/com.st.stm32cube.ide.mcu.externaltools.gnu-tools-for-stm32.12.3.rel1.linux64_1.1.0.202410170702/tools/bin/../lib/gcc/arm-none-eabi/12.3.1/../../../../arm-none-eabi/lib/thumb/v7e-m+fp/hard/libnosys.a(sbrk.o)
                0x08008f44                _sbrk
 .text._write   0x08008f60       0x10 /opt/st/stm32cubeide_1.17.0/plugins/com.st.stm32cube.ide.mcu.externaltools.gnu-tools-for-stm32.12.3.rel1.linux64_1.1.0.202410170702/tools/bin/../lib/gcc/arm-none-eabi/12.3.1/../../../../arm-none-eabi/lib/thumb/v7e-m+fp/hard/libnosys.a(write.o)
                0x08008f60                _write
 .text._exit    0x08008f70        0x2 /opt/st/stm32cubeide_1.17.0/plugins/com.st.stm32cube.ide.mcu.externaltools.gnu-tools-for-stm32.12.3.rel1.linux64_1.1.0.202410170702/tools/bin/../lib/gcc/arm-none-eabi/12.3.1/../../../../arm-none-eabi/lib/thumb/v7e-m+fp/hard/libnosys.a(_exit.o)
                0x08008f70                _exit
 *(.glue_7)
 .glue_7        0x08008f72        0x0 linker stubs
 *(.glue_7t)
 .glue_7t       0x08008f72        0x0 linker stubs
 *(.eh_frame)
 *fill*         0x08008f72        0x2 
 .eh_frame      0x08008f74        0x0 /opt/st/stm32cubeide_1.17.0/plugins/com.st.stm32cube.ide.mcu.externaltools.gnu-tools-for-stm32.12.3.rel1.linux64_1.1.0.202410170702/tools/bin/../lib/gcc/arm-none-eabi/12.3.1/thumb/v7e-m+fp/hard/crtbegin.o
 *(.init)
 .init          0x08008f74        0x4 /opt/st/stm32cubeide_1.17.0/plugins/com.st.stm32cube.ide.mcu.externaltools.gnu-tools-for-stm32.12.3.rel1.linux64_1.1.0.202410170702/tools/bin/../lib/gcc/arm-none-eabi/12.3.1/thumb/v7e-m+fp/hard/crti.o
                0x08008f74                _init
 .init          0x08008f78        0x8 /opt/st/stm32cubeide_1.17.0/plugins/com.st.stm32cube.ide.mcu.externaltools.gnu-tools-for-stm32.12.3.rel1.linux64_1.1.0.202410170702/tools/bin/../lib/gcc/arm-none-eabi/12.3.1/thumb/v7e-m+fp/hard/crtn.o
 *(.fini)
 .fini          0x08008f80        0x4 /opt/st/stm32cubeide_1.17.0/plugins/com.st.stm32cube.ide.mcu.externaltools.gnu-tools-for-stm32.12.3.rel1.linux64_1.1.0.202410170702/tools/bin/../lib/gcc/arm-none-eabi/12.3.1/thumb/v7e-m+fp/hard/crti.o
                0x08008f80                _fini
 .fini          0x08008f84        0x8 /opt/st/stm32cubeide_1.17.0/plugins/com.st.stm32cube.ide.mcu.externaltools.gnu-tools-for-stm32.12.3.rel1.linux64_1.1.0.202410170702/tools/bin/../lib/gcc/arm-none-eabi/12.3.1/thumb/v7e-m+fp/hard/crtn.o
                0x08008f8c                        . = ALIGN (0x4)
                0x08008f8c                        _etext = .

.vfp11_veneer   0x08008f8c        0x0
 .vfp11_veneer  0x08008f8c        0x0 linker stubs

.v4_bx          0x08008f8c        0x0
 .v4_bx         0x08008f8c        0x0 linker stubs

.iplt           0x08008f8c        0x0
 .iplt          0x08008f8c        0x0 /opt/st/stm32cubeide_1.17.0/plugins/com.st.stm32cube.ide.mcu.externaltools.gnu-tools-for-stm32.12.3.rel1.linux64_1.1.0.202410170702/tools/bin/../lib/gcc/arm-none-eabi/12.3.1/thumb/v7e-m+fp/hard/crtbegin.o

.rodata         0x08008f90      0x738
                0x08008f90                        . = ALIGN (0x4)
 *(.rodata)
 .rodata        0x08008f90      0x3af ./Core/Src/main.o
 *(.rodata*)
 *fill*         0x0800933f        0x1 
 .rodata.AHBPrescTable
                0x08009340       0x10 ./Core/Src/system_stm32f4xx.o
                0x08009340                AHBPrescTable
 .rodata.APBPrescTable
                0x08009350        0x8 ./Core/Src/system_stm32f4xx.o
                0x08009350                APBPrescTable
 .rodata._printf_float.str1.1
                0x08009358       0x12 /opt/st/stm32cubeide_1.17.0/plugins/com.st.stm32cube.ide.mcu.externaltools.gnu-tools-for-stm32.12.3.rel1.linux64_1.1.0.202410170702/tools/bin/../lib/gcc/arm-none-eabi/12.3.1/../../../../arm-none-eabi/lib/thumb/v7e-m+fp/hard/libc_nano.a(libc_a-nano-vfprintf_float.o)
 .rodata._printf_i.str1.1
                0x0800936a       0x22 /opt/st/stm32cubeide_1.17.0/plugins/com.st.stm32cube.ide.mcu.externaltools.gnu-tools-for-stm32.12.3.rel1.linux64_1.1.0.202410170702/tools/bin/../lib/gcc/arm-none-eabi/12.3.1/../../../../arm-none-eabi/lib/thumb/v7e-m+fp/hard/libc_nano.a(libc_a-nano-vfprintf_i.o)
 .rodata._dtoa_r.str1.1
                0x0800938c       0x8d /opt/st/stm32cubeide_1.17.0/plugins/com.st.stm32cube.ide.mcu.externaltools.gnu-tools-for-stm32.12.3.rel1.linux64_1.1.0.202410170702/tools/bin/../lib/gcc/arm-none-eabi/12.3.1/../../../../arm-none-eabi/lib/thumb/v7e-m+fp/hard/libc_nano.a(libc_a-dtoa.o)
                                 0x8f (size before relaxing)
 .rodata._Balloc.str1.1
                0x08009419       0x59 /opt/st/stm32cubeide_1.17.0/plugins/com.st.stm32cube.ide.mcu.externaltools.gnu-tools-for-stm32.12.3.rel1.linux64_1.1.0.202410170702/tools/bin/../lib/gcc/arm-none-eabi/12.3.1/../../../../arm-none-eabi/lib/thumb/v7e-m+fp/hard/libc_nano.a(libc_a-mprec.o)
                                 0x70 (size before relaxing)
 .rodata.__multadd.str1.1
                0x08009472       0x11 /opt/st/stm32cubeide_1.17.0/plugins/com.st.stm32cube.ide.mcu.externaltools.gnu-tools-for-stm32.12.3.rel1.linux64_1.1.0.202410170702/tools/bin/../lib/gcc/arm-none-eabi/12.3.1/../../../../arm-none-eabi/lib/thumb/v7e-m+fp/hard/libc_nano.a(libc_a-mprec.o)
 *fill*         0x08009472        0x2 
 .rodata.p05.0  0x08009474        0xc /opt/st/stm32cubeide_1.17.0/plugins/com.st.stm32cube.ide.mcu.externaltools.gnu-tools-for-stm32.12.3.rel1.linux64_1.1.0.202410170702/tools/bin/../lib/gcc/arm-none-eabi/12.3.1/../../../../arm-none-eabi/lib/thumb/v7e-m+fp/hard/libc_nano.a(libc_a-mprec.o)
 .rodata.__mprec_bigtens
                0x08009480       0x28 /opt/st/stm32cubeide_1.17.0/plugins/com.st.stm32cube.ide.mcu.externaltools.gnu-tools-for-stm32.12.3.rel1.linux64_1.1.0.202410170702/tools/bin/../lib/gcc/arm-none-eabi/12.3.1/../../../../arm-none-eabi/lib/thumb/v7e-m+fp/hard/libc_nano.a(libc_a-mprec.o)
                0x08009480                __mprec_bigtens
 .rodata.__mprec_tens
                0x080094a8       0xc8 /opt/st/stm32cubeide_1.17.0/plugins/com.st.stm32cube.ide.mcu.externaltools.gnu-tools-for-stm32.12.3.rel1.linux64_1.1.0.202410170702/tools/bin/../lib/gcc/arm-none-eabi/12.3.1/../../../../arm-none-eabi/lib/thumb/v7e-m+fp/hard/libc_nano.a(libc_a-mprec.o)
                0x080094a8                __mprec_tens
 .rodata._svfprintf_r.str1.1
                0x08009570       0x11 /opt/st/stm32cubeide_1.17.0/plugins/com.st.stm32cube.ide.mcu.externaltools.gnu-tools-for-stm32.12.3.rel1.linux64_1.1.0.202410170702/tools/bin/../lib/gcc/arm-none-eabi/12.3.1/../../../../arm-none-eabi/lib/thumb/v7e-m+fp/hard/libc_nano.a(libc_a-nano-svfprintf.o)
 .rodata._setlocale_r.str1.1
                0x08009581        0x8 /opt/st/stm32cubeide_1.17.0/plugins/com.st.stm32cube.ide.mcu.externaltools.gnu-tools-for-stm32.12.3.rel1.linux64_1.1.0.202410170702/tools/bin/../lib/gcc/arm-none-eabi/12.3.1/../../../../arm-none-eabi/lib/thumb/v7e-m+fp/hard/libc_nano.a(libc_a-locale.o)
                                  0x9 (size before relaxing)
 .rodata.str1.1
                0x08009589        0x2 /opt/st/stm32cubeide_1.17.0/plugins/com.st.stm32cube.ide.mcu.externaltools.gnu-tools-for-stm32.12.3.rel1.linux64_1.1.0.202410170702/tools/bin/../lib/gcc/arm-none-eabi/12.3.1/../../../../arm-none-eabi/lib/thumb/v7e-m+fp/hard/libc_nano.a(libc_a-locale.o)
 .rodata.__assert_func.str1.1
                0x0800958b       0x3c /opt/st/stm32cubeide_1.17.0/plugins/com.st.stm32cube.ide.mcu.externaltools.gnu-tools-for-stm32.12.3.rel1.linux64_1.1.0.202410170702/tools/bin/../lib/gcc/arm-none-eabi/12.3.1/../../../../arm-none-eabi/lib/thumb/v7e-m+fp/hard/libc_nano.a(libc_a-assert.o)
                                 0x3d (size before relaxing)
 .rodata._ctype_
                0x080095c7      0x101 /opt/st/stm32cubeide_1.17.0/plugins/com.st.stm32cube.ide.mcu.externaltools.gnu-tools-for-stm32.12.3.rel1.linux64_1.1.0.202410170702/tools/bin/../lib/gcc/arm-none-eabi/12.3.1/../../../../arm-none-eabi/lib/thumb/v7e-m+fp/hard/libc_nano.a(libc_a-ctype_.o)
                0x080095c7                _ctype_
 .rodata._vfprintf_r.str1.1
                0x080096c8       0x11 /opt/st/stm32cubeide_1.17.0/plugins/com.st.stm32cube.ide.mcu.externaltools.gnu-tools-for-stm32.12.3.rel1.linux64_1.1.0.202410170702/tools/bin/../lib/gcc/arm-none-eabi/12.3.1/../../../../arm-none-eabi/lib/thumb/v7e-m+fp/hard/libc_nano.a(libc_a-nano-vfprintf.o)
                0x080096dc                        . = ALIGN (0x4)

.ARM.extab      0x080096c8      0x210
                0x080096c8                        . = ALIGN (0x4)
 *(.ARM.extab* .gnu.linkonce.armextab.*)
 .ARM.extab.text._Z9ResetChipP12GPIO_TypeDeft
                0x080096c8        0xc ./Core/Src/main.o
 .ARM.extab.text._Z10SelectChipP12GPIO_TypeDeft13GPIO_PinState
                0x080096d4        0xc ./Core/Src/main.o
 .ARM.extab.text._Z28SPI_TransmitReceiveWithDebugP19__SPI_HandleTypeDefPhS1_tPKc
                0x080096e0        0xc ./Core/Src/main.o
 .ARM.extab.text._Z17ProcessStatusBytePh
                0x080096ec        0xc ./Core/Src/main.o
 .ARM.extab.text._Z18SPI_WaitUntilReadyP19__SPI_HandleTypeDef
                0x080096f8        0xc ./Core/Src/main.o
 .ARM.extab.text._Z16SPI_WaitTransmitP19__SPI_HandleTypeDef
                0x08009704        0xc ./Core/Src/main.o
 .ARM.extab.text._Z9GetStatusv
                0x08009710        0xc ./Core/Src/main.o
 .ARM.extab.text._Z10SetStandbyv
                0x0800971c        0xc ./Core/Src/main.o
 .ARM.extab.text._Z11setLoRaModev
                0x08009728        0xc ./Core/Src/main.o
 .ARM.extab.text._Z13getPacketTypeP19__SPI_HandleTypeDef
                0x08009734        0xc ./Core/Src/main.o
 .ARM.extab.text._Z12setFrequencyv
                0x08009740        0xc ./Core/Src/main.o
 .ARM.extab.text._Z20setBufferBaseAddressv
                0x0800974c        0xc ./Core/Src/main.o
 .ARM.extab.text._Z19setModulationParamsv
                0x08009758        0xc ./Core/Src/main.o
 .ARM.extab.text._Z15setPacketParamsv
                0x08009764        0xc ./Core/Src/main.o
 .ARM.extab.text._Z15setDioIrqParamsv
                0x08009770        0xc ./Core/Src/main.o
 .ARM.extab.text._Z11setRxPeriodv
                0x0800977c        0xc ./Core/Src/main.o
 .ARM.extab.text._Z15GetPacketStatusP19__SPI_HandleTypeDefP20__UART_HandleTypeDef
                0x08009788        0xc ./Core/Src/main.o
 .ARM.extab.text._Z17GetRxBufferStatusP19__SPI_HandleTypeDefP20__UART_HandleTypeDefPhS3_
                0x08009794        0xc ./Core/Src/main.o
 .ARM.extab.text._Z14RX_BitRateTestP19__SPI_HandleTypeDefP20__UART_HandleTypeDef
                0x080097a0        0xc ./Core/Src/main.o
 .ARM.extab.text.main
                0x080097ac        0xc ./Core/Src/main.o
 .ARM.extab.text._Z18SystemClock_Configv
                0x080097b8        0xc ./Core/Src/main.o
 .ARM.extab.text._ZL12MX_TIM1_Initv
                0x080097c4        0xc ./Core/Src/main.o
 .ARM.extab.text._ZL12MX_GPIO_Initv
                0x080097d0        0xc ./Core/Src/main.o
 .ARM.extab.text.HAL_MspInit
                0x080097dc        0xc ./Core/Src/stm32f4xx_hal_msp.o
 .ARM.extab.text.HAL_SPI_MspInit
                0x080097e8        0xc ./Core/Src/stm32f4xx_hal_msp.o
 .ARM.extab.text.HAL_UART_MspInit
                0x080097f4        0xc ./Core/Src/stm32f4xx_hal_msp.o
 .ARM.extab.text.HAL_InitTick
                0x08009800        0xc ./Drivers/STM32F4xx_HAL_Driver/Src/stm32f4xx_hal.o
 .ARM.extab.text.HAL_Delay
                0x0800980c        0xc ./Drivers/STM32F4xx_HAL_Driver/Src/stm32f4xx_hal.o
 .ARM.extab.text.HAL_RCC_ClockConfig
                0x08009818        0xc ./Drivers/STM32F4xx_HAL_Driver/Src/stm32f4xx_hal_rcc.o
 .ARM.extab.text.HAL_RCC_OscConfig
                0x08009824        0xc ./Drivers/STM32F4xx_HAL_Driver/Src/stm32f4xx_hal_rcc_ex.o
 .ARM.extab.text.HAL_SPI_Init
                0x08009830        0xc ./Drivers/STM32F4xx_HAL_Driver/Src/stm32f4xx_hal_spi.o
 .ARM.extab.text.HAL_SPI_Transmit
                0x0800983c        0xc ./Drivers/STM32F4xx_HAL_Driver/Src/stm32f4xx_hal_spi.o
 .ARM.extab.text.HAL_SPI_Receive
                0x08009848        0xc ./Drivers/STM32F4xx_HAL_Driver/Src/stm32f4xx_hal_spi.o
 .ARM.extab.text.HAL_SPI_TransmitReceive
                0x08009854        0xc ./Drivers/STM32F4xx_HAL_Driver/Src/stm32f4xx_hal_spi.o
 .ARM.extab.text._ZL29SPI_WaitFlagStateUntilTimeoutP19__SPI_HandleTypeDefm10FlagStatusmm
                0x08009860        0xc ./Drivers/STM32F4xx_HAL_Driver/Src/stm32f4xx_hal_spi.o
 .ARM.extab.text._ZL20SPI_EndRxTransactionP19__SPI_HandleTypeDefmm
                0x0800986c        0xc ./Drivers/STM32F4xx_HAL_Driver/Src/stm32f4xx_hal_spi.o
 .ARM.extab.text._ZL22SPI_EndRxTxTransactionP19__SPI_HandleTypeDefmm
                0x08009878        0xc ./Drivers/STM32F4xx_HAL_Driver/Src/stm32f4xx_hal_spi.o
 .ARM.extab.text.HAL_TIM_Base_Init
                0x08009884        0xc ./Drivers/STM32F4xx_HAL_Driver/Src/stm32f4xx_hal_tim.o
 .ARM.extab.text.HAL_UART_Init
                0x08009890        0xc ./Drivers/STM32F4xx_HAL_Driver/Src/stm32f4xx_hal_uart.o
 .ARM.extab.text.HAL_UART_Transmit
                0x0800989c        0xc ./Drivers/STM32F4xx_HAL_Driver/Src/stm32f4xx_hal_uart.o
 .ARM.extab.text._ZL27UART_WaitOnFlagUntilTimeoutP20__UART_HandleTypeDefm10FlagStatusmm
                0x080098a8        0xc ./Drivers/STM32F4xx_HAL_Driver/Src/stm32f4xx_hal_uart.o
 .ARM.extab.text._ZL14UART_SetConfigP20__UART_HandleTypeDef
                0x080098b4        0xc ./Drivers/STM32F4xx_HAL_Driver/Src/stm32f4xx_hal_uart.o
 .ARM.extab     0x080098c0       0x18 /opt/st/stm32cubeide_1.17.0/plugins/com.st.stm32cube.ide.mcu.externaltools.gnu-tools-for-stm32.12.3.rel1.linux64_1.1.0.202410170702/tools/bin/../lib/gcc/arm-none-eabi/12.3.1/thumb/v7e-m+fp/hard/libgcc.a(pr-support.o)
                0x080098d8                        . = ALIGN (0x4)

.ARM            0x080098d8      0x288
                0x080098d8                        . = ALIGN (0x4)
                0x080098d8                        __exidx_start = .
 *(.ARM.exidx*)
 .ARM.exidx     0x080098d8        0x8 /opt/st/stm32cubeide_1.17.0/plugins/com.st.stm32cube.ide.mcu.externaltools.gnu-tools-for-stm32.12.3.rel1.linux64_1.1.0.202410170702/tools/bin/../lib/gcc/arm-none-eabi/12.3.1/../../../../arm-none-eabi/lib/thumb/v7e-m+fp/hard/libc_nano.a(libc_a-memchr.o)
 .ARM.exidx     0x080098e0        0x0 /opt/st/stm32cubeide_1.17.0/plugins/com.st.stm32cube.ide.mcu.externaltools.gnu-tools-for-stm32.12.3.rel1.linux64_1.1.0.202410170702/tools/bin/../lib/gcc/arm-none-eabi/12.3.1/../../../../arm-none-eabi/lib/thumb/v7e-m+fp/hard/libc_nano.a(libc_a-strlen.o)
                                  0x8 (size before relaxing)
 .ARM.exidx     0x080098e0        0x0 /opt/st/stm32cubeide_1.17.0/plugins/com.st.stm32cube.ide.mcu.externaltools.gnu-tools-for-stm32.12.3.rel1.linux64_1.1.0.202410170702/tools/bin/../lib/gcc/arm-none-eabi/12.3.1/thumb/v7e-m+fp/hard/libgcc.a(_udivmoddi4.o)
                                  0x8 (size before relaxing)
 .ARM.exidx     0x080098e0       0x78 /opt/st/stm32cubeide_1.17.0/plugins/com.st.stm32cube.ide.mcu.externaltools.gnu-tools-for-stm32.12.3.rel1.linux64_1.1.0.202410170702/tools/bin/../lib/gcc/arm-none-eabi/12.3.1/thumb/v7e-m+fp/hard/libgcc.a(unwind-arm.o)
                                 0xd8 (size before relaxing)
 .ARM.exidx     0x08009958       0x38 /opt/st/stm32cubeide_1.17.0/plugins/com.st.stm32cube.ide.mcu.externaltools.gnu-tools-for-stm32.12.3.rel1.linux64_1.1.0.202410170702/tools/bin/../lib/gcc/arm-none-eabi/12.3.1/thumb/v7e-m+fp/hard/libgcc.a(pr-support.o)
 .ARM.exidx.text._Z9ResetChipP12GPIO_TypeDeft
                0x08009990        0x8 ./Core/Src/main.o
 .ARM.exidx.text._Z10SelectChipP12GPIO_TypeDeft13GPIO_PinState
                0x08009998        0x8 ./Core/Src/main.o
 .ARM.exidx.text._Z28SPI_TransmitReceiveWithDebugP19__SPI_HandleTypeDefPhS1_tPKc
                0x080099a0        0x8 ./Core/Src/main.o
 .ARM.exidx.text._Z17ProcessStatusBytePh
                0x080099a8        0x8 ./Core/Src/main.o
 .ARM.exidx.text._Z18SPI_WaitUntilReadyP19__SPI_HandleTypeDef
                0x080099b0        0x8 ./Core/Src/main.o
 .ARM.exidx.text._Z16SPI_WaitTransmitP19__SPI_HandleTypeDef
                0x080099b8        0x8 ./Core/Src/main.o
 .ARM.exidx.text._Z9GetStatusv
                0x080099c0        0x8 ./Core/Src/main.o
 .ARM.exidx.text._Z10SetStandbyv
                0x080099c8        0x8 ./Core/Src/main.o
 .ARM.exidx.text._Z11setLoRaModev
                0x080099d0        0x8 ./Core/Src/main.o
 .ARM.exidx.text._Z13getPacketTypeP19__SPI_HandleTypeDef
                0x080099d8        0x8 ./Core/Src/main.o
 .ARM.exidx.text._Z12setFrequencyv
                0x080099e0        0x8 ./Core/Src/main.o
 .ARM.exidx.text._Z20setBufferBaseAddressv
                0x080099e8        0x8 ./Core/Src/main.o
 .ARM.exidx.text._Z19setModulationParamsv
                0x080099f0        0x8 ./Core/Src/main.o
 .ARM.exidx.text._Z15setPacketParamsv
                0x080099f8        0x8 ./Core/Src/main.o
 .ARM.exidx.text._Z15setDioIrqParamsv
                0x08009a00        0x8 ./Core/Src/main.o
 .ARM.exidx.text._Z11setRxPeriodv
                0x08009a08        0x8 ./Core/Src/main.o
 .ARM.exidx.text._Z7DerTaktv
                0x08009a10        0x8 ./Core/Src/main.o
 .ARM.exidx.text._Z15GetPacketStatusP19__SPI_HandleTypeDefP20__UART_HandleTypeDef
                0x08009a18        0x8 ./Core/Src/main.o
 .ARM.exidx.text._Z17GetRxBufferStatusP19__SPI_HandleTypeDefP20__UART_HandleTypeDefPhS3_
                0x08009a20        0x8 ./Core/Src/main.o
 .ARM.exidx.text._Z16ReadReceivedDataP19__SPI_HandleTypeDefP20__UART_HandleTypeDefhh
                0x08009a28        0x8 ./Core/Src/main.o
 .ARM.exidx.text._Z14RX_BitRateTestP19__SPI_HandleTypeDefP20__UART_HandleTypeDef
                0x08009a30        0x8 ./Core/Src/main.o
 .ARM.exidx.text.main
                0x08009a38        0x8 ./Core/Src/main.o
 .ARM.exidx.text._Z18SystemClock_Configv
                0x08009a40        0x8 ./Core/Src/main.o
 .ARM.exidx.text._ZL12MX_SPI1_Initv
                0x08009a48        0x8 ./Core/Src/main.o
 .ARM.exidx.text._ZL12MX_TIM1_Initv
                0x08009a50        0x8 ./Core/Src/main.o
 .ARM.exidx.text._ZL19MX_USART2_UART_Initv
                0x08009a58        0x8 ./Core/Src/main.o
 .ARM.exidx.text._ZL12MX_GPIO_Initv
                0x08009a60        0x8 ./Core/Src/main.o
 .ARM.exidx.text.Error_Handler
                0x08009a68        0x8 ./Core/Src/main.o
 .ARM.exidx.text.HAL_MspInit
                0x08009a70        0x8 ./Core/Src/stm32f4xx_hal_msp.o
 .ARM.exidx.text.HAL_SPI_MspInit
                0x08009a78        0x8 ./Core/Src/stm32f4xx_hal_msp.o
 .ARM.exidx.text.HAL_TIM_Base_MspInit
                0x08009a80        0x8 ./Core/Src/stm32f4xx_hal_msp.o
 .ARM.exidx.text.HAL_UART_MspInit
                0x08009a88        0x8 ./Core/Src/stm32f4xx_hal_msp.o
 .ARM.exidx.text.NMI_Handler
                0x08009a90        0x8 ./Core/Src/stm32f4xx_it.o
 .ARM.exidx.text.HardFault_Handler
                0x08009a98        0x0 ./Core/Src/stm32f4xx_it.o
                                  0x8 (size before relaxing)
 .ARM.exidx.text.MemManage_Handler
                0x08009a98        0x0 ./Core/Src/stm32f4xx_it.o
                                  0x8 (size before relaxing)
 .ARM.exidx.text.BusFault_Handler
                0x08009a98        0x0 ./Core/Src/stm32f4xx_it.o
                                  0x8 (size before relaxing)
 .ARM.exidx.text.UsageFault_Handler
                0x08009a98        0x0 ./Core/Src/stm32f4xx_it.o
                                  0x8 (size before relaxing)
 .ARM.exidx.text.SVC_Handler
                0x08009a98        0x0 ./Core/Src/stm32f4xx_it.o
                                  0x8 (size before relaxing)
 .ARM.exidx.text.DebugMon_Handler
                0x08009a98        0x0 ./Core/Src/stm32f4xx_it.o
                                  0x8 (size before relaxing)
 .ARM.exidx.text.PendSV_Handler
                0x08009a98        0x0 ./Core/Src/stm32f4xx_it.o
                                  0x8 (size before relaxing)
 .ARM.exidx.text.SysTick_Handler
                0x08009a98        0x8 ./Core/Src/stm32f4xx_it.o
 .ARM.exidx.text.SystemInit
                0x08009aa0        0x8 ./Core/Src/system_stm32f4xx.o
 .ARM.exidx.text.HAL_Init
                0x08009aa8        0x8 ./Drivers/STM32F4xx_HAL_Driver/Src/stm32f4xx_hal.o
 .ARM.exidx.text.HAL_InitTick
                0x08009ab0        0x8 ./Drivers/STM32F4xx_HAL_Driver/Src/stm32f4xx_hal.o
 .ARM.exidx.text.HAL_IncTick
                0x08009ab8        0x8 ./Drivers/STM32F4xx_HAL_Driver/Src/stm32f4xx_hal.o
 .ARM.exidx.text.HAL_GetTick
                0x08009ac0        0x0 ./Drivers/STM32F4xx_HAL_Driver/Src/stm32f4xx_hal.o
                                  0x8 (size before relaxing)
 .ARM.exidx.text.HAL_Delay
                0x08009ac0        0x8 ./Drivers/STM32F4xx_HAL_Driver/Src/stm32f4xx_hal.o
 .ARM.exidx.text.__NVIC_SetPriorityGrouping
                0x08009ac8        0x8 ./Drivers/STM32F4xx_HAL_Driver/Src/stm32f4xx_hal_cortex.o
 .ARM.exidx.text.__NVIC_GetPriorityGrouping
                0x08009ad0        0x0 ./Drivers/STM32F4xx_HAL_Driver/Src/stm32f4xx_hal_cortex.o
                                  0x8 (size before relaxing)
 .ARM.exidx.text.__NVIC_EnableIRQ
                0x08009ad0        0x0 ./Drivers/STM32F4xx_HAL_Driver/Src/stm32f4xx_hal_cortex.o
                                  0x8 (size before relaxing)
 .ARM.exidx.text.__NVIC_SetPriority
                0x08009ad0        0x0 ./Drivers/STM32F4xx_HAL_Driver/Src/stm32f4xx_hal_cortex.o
                                  0x8 (size before relaxing)
 .ARM.exidx.text.NVIC_EncodePriority
                0x08009ad0        0x0 ./Drivers/STM32F4xx_HAL_Driver/Src/stm32f4xx_hal_cortex.o
                                  0x8 (size before relaxing)
 .ARM.exidx.text.SysTick_Config
                0x08009ad0        0x0 ./Drivers/STM32F4xx_HAL_Driver/Src/stm32f4xx_hal_cortex.o
                                  0x8 (size before relaxing)
 .ARM.exidx.text.HAL_NVIC_SetPriorityGrouping
                0x08009ad0        0x0 ./Drivers/STM32F4xx_HAL_Driver/Src/stm32f4xx_hal_cortex.o
                                  0x8 (size before relaxing)
 .ARM.exidx.text.HAL_NVIC_SetPriority
                0x08009ad0        0x0 ./Drivers/STM32F4xx_HAL_Driver/Src/stm32f4xx_hal_cortex.o
                                  0x8 (size before relaxing)
 .ARM.exidx.text.HAL_NVIC_EnableIRQ
                0x08009ad0        0x0 ./Drivers/STM32F4xx_HAL_Driver/Src/stm32f4xx_hal_cortex.o
                                  0x8 (size before relaxing)
 .ARM.exidx.text.HAL_SYSTICK_Config
                0x08009ad0        0x0 ./Drivers/STM32F4xx_HAL_Driver/Src/stm32f4xx_hal_cortex.o
                                  0x8 (size before relaxing)
 .ARM.exidx.text.HAL_GPIO_Init
                0x08009ad0        0x0 ./Drivers/STM32F4xx_HAL_Driver/Src/stm32f4xx_hal_gpio.o
                                  0x8 (size before relaxing)
 .ARM.exidx.text.HAL_GPIO_ReadPin
                0x08009ad0        0x0 ./Drivers/STM32F4xx_HAL_Driver/Src/stm32f4xx_hal_gpio.o
                                  0x8 (size before relaxing)
 .ARM.exidx.text.HAL_GPIO_WritePin
                0x08009ad0        0x0 ./Drivers/STM32F4xx_HAL_Driver/Src/stm32f4xx_hal_gpio.o
                                  0x8 (size before relaxing)
 .ARM.exidx.text.HAL_RCC_ClockConfig
                0x08009ad0        0x8 ./Drivers/STM32F4xx_HAL_Driver/Src/stm32f4xx_hal_rcc.o
 .ARM.exidx.text.HAL_RCC_GetHCLKFreq
                0x08009ad8        0x8 ./Drivers/STM32F4xx_HAL_Driver/Src/stm32f4xx_hal_rcc.o
 .ARM.exidx.text.HAL_RCC_GetPCLK1Freq
                0x08009ae0        0x0 ./Drivers/STM32F4xx_HAL_Driver/Src/stm32f4xx_hal_rcc.o
                                  0x8 (size before relaxing)
 .ARM.exidx.text.HAL_RCC_GetPCLK2Freq
                0x08009ae0        0x0 ./Drivers/STM32F4xx_HAL_Driver/Src/stm32f4xx_hal_rcc.o
                                  0x8 (size before relaxing)
 .ARM.exidx.text.HAL_RCC_GetSysClockFreq
                0x08009ae0        0x0 ./Drivers/STM32F4xx_HAL_Driver/Src/stm32f4xx_hal_rcc_ex.o
                                  0x8 (size before relaxing)
 .ARM.exidx.text.HAL_RCC_OscConfig
                0x08009ae0        0x8 ./Drivers/STM32F4xx_HAL_Driver/Src/stm32f4xx_hal_rcc_ex.o
 .ARM.exidx.text.HAL_SPI_Init
                0x08009ae8        0x8 ./Drivers/STM32F4xx_HAL_Driver/Src/stm32f4xx_hal_spi.o
 .ARM.exidx.text.HAL_SPI_Transmit
                0x08009af0        0x8 ./Drivers/STM32F4xx_HAL_Driver/Src/stm32f4xx_hal_spi.o
 .ARM.exidx.text.HAL_SPI_Receive
                0x08009af8        0x8 ./Drivers/STM32F4xx_HAL_Driver/Src/stm32f4xx_hal_spi.o
 .ARM.exidx.text.HAL_SPI_TransmitReceive
                0x08009b00        0x8 ./Drivers/STM32F4xx_HAL_Driver/Src/stm32f4xx_hal_spi.o
 .ARM.exidx.text._ZL29SPI_WaitFlagStateUntilTimeoutP19__SPI_HandleTypeDefm10FlagStatusmm
                0x08009b08        0x8 ./Drivers/STM32F4xx_HAL_Driver/Src/stm32f4xx_hal_spi.o
 .ARM.exidx.text._ZL20SPI_EndRxTransactionP19__SPI_HandleTypeDefmm
                0x08009b10        0x8 ./Drivers/STM32F4xx_HAL_Driver/Src/stm32f4xx_hal_spi.o
 .ARM.exidx.text._ZL22SPI_EndRxTxTransactionP19__SPI_HandleTypeDefmm
                0x08009b18        0x8 ./Drivers/STM32F4xx_HAL_Driver/Src/stm32f4xx_hal_spi.o
 .ARM.exidx.text.HAL_TIM_Base_Init
                0x08009b20        0x8 ./Drivers/STM32F4xx_HAL_Driver/Src/stm32f4xx_hal_tim.o
 .ARM.exidx.text.HAL_TIM_Base_Start
                0x08009b28        0x8 ./Drivers/STM32F4xx_HAL_Driver/Src/stm32f4xx_hal_tim.o
 .ARM.exidx.text.HAL_TIM_ConfigClockSource
                0x08009b30        0x0 ./Drivers/STM32F4xx_HAL_Driver/Src/stm32f4xx_hal_tim.o
                                  0x8 (size before relaxing)
 .ARM.exidx.text.TIM_Base_SetConfig
                0x08009b30        0x0 ./Drivers/STM32F4xx_HAL_Driver/Src/stm32f4xx_hal_tim.o
                                  0x8 (size before relaxing)
 .ARM.exidx.text._ZL24TIM_TI1_ConfigInputStageP11TIM_TypeDefmm
                0x08009b30        0x0 ./Drivers/STM32F4xx_HAL_Driver/Src/stm32f4xx_hal_tim.o
                                  0x8 (size before relaxing)
 .ARM.exidx.text._ZL24TIM_TI2_ConfigInputStageP11TIM_TypeDefmm
                0x08009b30        0x0 ./Drivers/STM32F4xx_HAL_Driver/Src/stm32f4xx_hal_tim.o
                                  0x8 (size before relaxing)
 .ARM.exidx.text._ZL18TIM_ITRx_SetConfigP11TIM_TypeDefm
                0x08009b30        0x0 ./Drivers/STM32F4xx_HAL_Driver/Src/stm32f4xx_hal_tim.o
                                  0x8 (size before relaxing)
 .ARM.exidx.text.TIM_ETR_SetConfig
                0x08009b30        0x0 ./Drivers/STM32F4xx_HAL_Driver/Src/stm32f4xx_hal_tim.o
                                  0x8 (size before relaxing)
 .ARM.exidx.text.HAL_TIMEx_MasterConfigSynchronization
                0x08009b30        0x0 ./Drivers/STM32F4xx_HAL_Driver/Src/stm32f4xx_hal_tim_ex.o
                                  0x8 (size before relaxing)
 .ARM.exidx.text.HAL_UART_Init
                0x08009b30        0x8 ./Drivers/STM32F4xx_HAL_Driver/Src/stm32f4xx_hal_uart.o
 .ARM.exidx.text.HAL_UART_Transmit
                0x08009b38        0x8 ./Drivers/STM32F4xx_HAL_Driver/Src/stm32f4xx_hal_uart.o
 .ARM.exidx.text._ZL27UART_WaitOnFlagUntilTimeoutP20__UART_HandleTypeDefm10FlagStatusmm
                0x08009b40        0x8 ./Drivers/STM32F4xx_HAL_Driver/Src/stm32f4xx_hal_uart.o
 .ARM.exidx.text._ZL18UART_EndRxTransferP20__UART_HandleTypeDef
                0x08009b48        0x8 ./Drivers/STM32F4xx_HAL_Driver/Src/stm32f4xx_hal_uart.o
 .ARM.exidx.text._ZL14UART_SetConfigP20__UART_HandleTypeDef
                0x08009b50       0x10 ./Drivers/STM32F4xx_HAL_Driver/Src/stm32f4xx_hal_uart.o
                                  0x8 (size before relaxing)
                0x08009b60                        __exidx_end = .
                0x08009b60                        . = ALIGN (0x4)

.preinit_array  0x08009b60        0x0
                0x08009b60                        . = ALIGN (0x4)
                0x08009b60                        PROVIDE (__preinit_array_start = .)
 *(.preinit_array*)
                0x08009b60                        PROVIDE (__preinit_array_end = .)
                0x08009b60                        . = ALIGN (0x4)

.init_array     0x08009b60        0x4
                0x08009b60                        . = ALIGN (0x4)
                0x08009b60                        PROVIDE (__init_array_start = .)
 *(SORT_BY_NAME(.init_array.*))
 *(.init_array*)
 .init_array    0x08009b60        0x4 /opt/st/stm32cubeide_1.17.0/plugins/com.st.stm32cube.ide.mcu.externaltools.gnu-tools-for-stm32.12.3.rel1.linux64_1.1.0.202410170702/tools/bin/../lib/gcc/arm-none-eabi/12.3.1/thumb/v7e-m+fp/hard/crtbegin.o
                0x08009b64                        PROVIDE (__init_array_end = .)
                0x08009b64                        . = ALIGN (0x4)

.fini_array     0x08009b64        0x4
                0x08009b64                        . = ALIGN (0x4)
                [!provide]                        PROVIDE (__fini_array_start = .)
 *(SORT_BY_NAME(.fini_array.*))
 *(.fini_array*)
 .fini_array    0x08009b64        0x4 /opt/st/stm32cubeide_1.17.0/plugins/com.st.stm32cube.ide.mcu.externaltools.gnu-tools-for-stm32.12.3.rel1.linux64_1.1.0.202410170702/tools/bin/../lib/gcc/arm-none-eabi/12.3.1/thumb/v7e-m+fp/hard/crtbegin.o
                [!provide]                        PROVIDE (__fini_array_end = .)
                0x08009b68                        . = ALIGN (0x4)
                0x08009b68                        _sidata = LOADADDR (.data)

.rel.dyn        0x08009b68        0x0
 .rel.iplt      0x08009b68        0x0 /opt/st/stm32cubeide_1.17.0/plugins/com.st.stm32cube.ide.mcu.externaltools.gnu-tools-for-stm32.12.3.rel1.linux64_1.1.0.202410170702/tools/bin/../lib/gcc/arm-none-eabi/12.3.1/thumb/v7e-m+fp/hard/crtbegin.o

.data           0x20000000      0x1d8 load address 0x08009b68
                0x20000000                        . = ALIGN (0x4)