14:07:27 **** Incremental Build of configuration Debug for project LoRa_Receive ****
make -j8 all 
arm-none-eabi-size  LoRa_Receive.elf 
   text	   data	    bss	    dec	    hex	filename
  37080	    472	   2072	  39624	   9ac8	LoRa_Receive.elf
Finished building: default.size.stdout
 
14:07:36 **** Incremental Build of configuration Debug for project LoRa_Receive ****
make -j8 all 
arm-none-eabi-size  LoRa_Receive.elf 
   text	   data	    bss	    dec	    hex	filename
  37080	    472	   2072	  39624	   9ac8	LoRa_Receive.elf
Finished building: default.size.stdout
 
