19:36:27 **** Build of configuration Debug for project OBJ_F446 ****
make -j8 all 
arm-none-eabi-g++ "../Core/Src/main.c" -mcpu=cortex-m4 -std=gnu11 -g3 -DDEBUG -DUSE_HAL_DRIVER -DSTM32F446xx -c -I../Core/Inc -I../Drivers/STM32F4xx_HAL_Driver/Inc -I../Drivers/STM32F4xx_HAL_Driver/Inc/Legacy -I../Drivers/CMSIS/Device/ST/STM32F4xx/Include -I../Drivers/CMSIS/Include -O0 -ffunction-sections -fdata-sections -Wall -fstack-usage -fcyclomatic-complexity -MMD -MP -MF"Core/Src/main.d" -MT"Core/Src/main.o" --specs=nano.specs -mfpu=fpv4-sp-d16 -mfloat-abi=hard -mthumb -o "Core/Src/main.o"
cc1plus: warning: command-line option '-std=gnu11' is valid for C/ObjC but not for C++
../Core/Src/main.c: In function 'int main()':
../Core/Src/main.c:267:65: warning: format '%ld' expects argument of type 'long int', but argument 3 has type 'int' [-Wformat=]
  267 |                         uart_buf_len = sprintf(uart_buf, "RX: %ld %ld\r\n", *(rx_buffer), *(rx_buffer + 1));
      |                                                               ~~^           ~~~~~~~~~~~~
      |                                                                 |           |
      |                                                                 long int    int
      |                                                               %d
../Core/Src/main.c:267:69: warning: format '%ld' expects argument of type 'long int', but argument 4 has type 'int' [-Wformat=]
  267 |                         uart_buf_len = sprintf(uart_buf, "RX: %ld %ld\r\n", *(rx_buffer), *(rx_buffer + 1));
      |                                                                   ~~^                     ~~~~~~~~~~~~~~~~
      |                                                                     |                     |
      |                                                                     long int              int
      |                                                                   %d
../Core/Src/main.c:122:17: warning: variable 'rx_length' set but not used [-Wunused-but-set-variable]
  122 |         uint8_t rx_length;
      |                 ^~~~~~~~~
../Core/Src/main.c:132:17: warning: unused variable 'tx' [-Wunused-variable]
  132 |         uint8_t tx[10] = {};
      |                 ^~
../Core/Src/main.c:133:17: warning: unused variable 'rx' [-Wunused-variable]
  133 |         uint8_t rx[10] = {};
      |                 ^~
../Core/Src/main.c: At global scope:
../Core/Src/main.c:69:13: warning: 'void SPI1_TRANSCEIVER(uint8_t*, uint8_t*, uint8_t)' defined but not used [-Wunused-function]
   69 | static void SPI1_TRANSCEIVER(uint8_t *tx, uint8_t *rx, uint8_t lengh)
      |             ^~~~~~~~~~~~~~~~
../Core/Src/main.c:61:13: warning: 'void SPI1_TRANSCEIVER_Delay(uint8_t*, uint8_t*, uint8_t)' defined but not used [-Wunused-function]
   61 | static void SPI1_TRANSCEIVER_Delay(uint8_t *tx, uint8_t *rx, uint8_t lengh)
      |             ^~~~~~~~~~~~~~~~~~~~~~
arm-none-eabi-g++ -o "OBJ_F446.elf" @"objects.list"   -mcpu=cortex-m4 -T"/home/sasha/STM_Projects/SpaceTeam/LoRa/OBJ_F446/STM32F446RETX_FLASH.ld" --specs=nosys.specs -Wl,-Map="OBJ_F446.map" -Wl,--gc-sections -static --specs=nano.specs -mfpu=fpv4-sp-d16 -mfloat-abi=hard -mthumb -u _printf_float -Wl,--start-group -lc -lm -lstdc++ -lsupc++ -Wl,--end-group
/opt/st/stm32cubeide_1.17.0/plugins/com.st.stm32cube.ide.mcu.externaltools.gnu-tools-for-stm32.12.3.rel1.linux64_1.1.0.202410170702/tools/bin/../lib/gcc/arm-none-eabi/12.3.1/../../../../arm-none-eabi/bin/ld: /opt/st/stm32cubeide_1.17.0/plugins/com.st.stm32cube.ide.mcu.externaltools.gnu-tools-for-stm32.12.3.rel1.linux64_1.1.0.202410170702/tools/bin/../lib/gcc/arm-none-eabi/12.3.1/../../../../arm-none-eabi/lib/thumb/v7e-m+fp/hard/libc_nano.a(libc_a-closer.o): in function `_close_r':
(.text._close_r+0xc): warning: _close is not implemented and will always fail
/opt/st/stm32cubeide_1.17.0/plugins/com.st.stm32cube.ide.mcu.externaltools.gnu-tools-for-stm32.12.3.rel1.linux64_1.1.0.202410170702/tools/bin/../lib/gcc/arm-none-eabi/12.3.1/../../../../arm-none-eabi/bin/ld: /opt/st/stm32cubeide_1.17.0/plugins/com.st.stm32cube.ide.mcu.externaltools.gnu-tools-for-stm32.12.3.rel1.linux64_1.1.0.202410170702/tools/bin/../lib/gcc/arm-none-eabi/12.3.1/../../../../arm-none-eabi/lib/thumb/v7e-m+fp/hard/libc_nano.a(libc_a-fstatr.o): in function `_fstat_r':
(.text._fstat_r+0xe): warning: _fstat is not implemented and will always fail
/opt/st/stm32cubeide_1.17.0/plugins/com.st.stm32cube.ide.mcu.externaltools.gnu-tools-for-stm32.12.3.rel1.linux64_1.1.0.202410170702/tools/bin/../lib/gcc/arm-none-eabi/12.3.1/../../../../arm-none-eabi/bin/ld: /opt/st/stm32cubeide_1.17.0/plugins/com.st.stm32cube.ide.mcu.externaltools.gnu-tools-for-stm32.12.3.rel1.linux64_1.1.0.202410170702/tools/bin/../lib/gcc/arm-none-eabi/12.3.1/../../../../arm-none-eabi/lib/thumb/v7e-m+fp/hard/libc_nano.a(libc_a-signalr.o): in function `_getpid_r':
(.text._getpid_r+0x0): warning: _getpid is not implemented and will always fail
/opt/st/stm32cubeide_1.17.0/plugins/com.st.stm32cube.ide.mcu.externaltools.gnu-tools-for-stm32.12.3.rel1.linux64_1.1.0.202410170702/tools/bin/../lib/gcc/arm-none-eabi/12.3.1/../../../../arm-none-eabi/bin/ld: /opt/st/stm32cubeide_1.17.0/plugins/com.st.stm32cube.ide.mcu.externaltools.gnu-tools-for-stm32.12.3.rel1.linux64_1.1.0.202410170702/tools/bin/../lib/gcc/arm-none-eabi/12.3.1/../../../../arm-none-eabi/lib/thumb/v7e-m+fp/hard/libc_nano.a(libc_a-isattyr.o): in function `_isatty_r':
(.text._isatty_r+0xc): warning: _isatty is not implemented and will always fail
/opt/st/stm32cubeide_1.17.0/plugins/com.st.stm32cube.ide.mcu.externaltools.gnu-tools-for-stm32.12.3.rel1.linux64_1.1.0.202410170702/tools/bin/../lib/gcc/arm-none-eabi/12.3.1/../../../../arm-none-eabi/bin/ld: /opt/st/stm32cubeide_1.17.0/plugins/com.st.stm32cube.ide.mcu.externaltools.gnu-tools-for-stm32.12.3.rel1.linux64_1.1.0.202410170702/tools/bin/../lib/gcc/arm-none-eabi/12.3.1/../../../../arm-none-eabi/lib/thumb/v7e-m+fp/hard/libc_nano.a(libc_a-signalr.o): in function `_kill_r':
(.text._kill_r+0xe): warning: _kill is not implemented and will always fail
/opt/st/stm32cubeide_1.17.0/plugins/com.st.stm32cube.ide.mcu.externaltools.gnu-tools-for-stm32.12.3.rel1.linux64_1.1.0.202410170702/tools/bin/../lib/gcc/arm-none-eabi/12.3.1/../../../../arm-none-eabi/bin/ld: /opt/st/stm32cubeide_1.17.0/plugins/com.st.stm32cube.ide.mcu.externaltools.gnu-tools-for-stm32.12.3.rel1.linux64_1.1.0.202410170702/tools/bin/../lib/gcc/arm-none-eabi/12.3.1/../../../../arm-none-eabi/lib/thumb/v7e-m+fp/hard/libc_nano.a(libc_a-lseekr.o): in function `_lseek_r':
(.text._lseek_r+0x10): warning: _lseek is not implemented and will always fail
/opt/st/stm32cubeide_1.17.0/plugins/com.st.stm32cube.ide.mcu.externaltools.gnu-tools-for-stm32.12.3.rel1.linux64_1.1.0.202410170702/tools/bin/../lib/gcc/arm-none-eabi/12.3.1/../../../../arm-none-eabi/bin/ld: /opt/st/stm32cubeide_1.17.0/plugins/com.st.stm32cube.ide.mcu.externaltools.gnu-tools-for-stm32.12.3.rel1.linux64_1.1.0.202410170702/tools/bin/../lib/gcc/arm-none-eabi/12.3.1/../../../../arm-none-eabi/lib/thumb/v7e-m+fp/hard/libc_nano.a(libc_a-readr.o): in function `_read_r':
(.text._read_r+0x10): warning: _read is not implemented and will always fail
/opt/st/stm32cubeide_1.17.0/plugins/com.st.stm32cube.ide.mcu.externaltools.gnu-tools-for-stm32.12.3.rel1.linux64_1.1.0.202410170702/tools/bin/../lib/gcc/arm-none-eabi/12.3.1/../../../../arm-none-eabi/bin/ld: /opt/st/stm32cubeide_1.17.0/plugins/com.st.stm32cube.ide.mcu.externaltools.gnu-tools-for-stm32.12.3.rel1.linux64_1.1.0.202410170702/tools/bin/../lib/gcc/arm-none-eabi/12.3.1/../../../../arm-none-eabi/lib/thumb/v7e-m+fp/hard/libc_nano.a(libc_a-writer.o): in function `_write_r':
(.text._write_r+0x10): warning: _write is not implemented and will always fail
/opt/st/stm32cubeide_1.17.0/plugins/com.st.stm32cube.ide.mcu.externaltools.gnu-tools-for-stm32.12.3.rel1.linux64_1.1.0.202410170702/tools/bin/../lib/gcc/arm-none-eabi/12.3.1/../../../../arm-none-eabi/bin/ld: warning: OBJ_F446.elf has a LOAD segment with RWX permissions
Finished building target: OBJ_F446.elf
 
arm-none-eabi-size  OBJ_F446.elf 
arm-none-eabi-objdump -h -S OBJ_F446.elf  > "OBJ_F446.list"
   text	   data	    bss	    dec	    hex	filename
  41896	    496	   2480	  44872	   af48	OBJ_F446.elf
Finished building: default.size.stdout
 
Finished building: OBJ_F446.list
 

19:36:29 Build Finished. 0 errors, 16 warnings. (took 2s.460ms)

